Microchip MPLAB XC8 Compiler V1.33 ()

Linker command line:

--edf=C:\Program Files (x86)\Microchip\xc8\v1.33\dat\en_msgs.txt -cs \
  -h+dist/default/production\i2c-slave-dwarf.X.production.sym \
  --cmf=dist/default/production\i2c-slave-dwarf.X.production.cmf -z \
  -Q12LF1840 -oC:\Users\home\AppData\Local\Temp\s48g.6 \
  -Mdist/default/production/i2c-slave-dwarf.X.production.map -E1 -ver=XC8 \
  -ASTACK=02022h-020efh -pstack=STACK -ACONST=00h-0FFhx16 \
  -ACODE=00h-07FFhx2 -ASTRCODE=00h-0FFFh -AENTRY=00h-0FFhx16 \
  -ASTRING=00h-0FFhx16 -ACOMMON=070h-07Fh -ABANK0=020h-06Fh \
  -ABANK1=0A0h-0EFh -ABANK2=0120h-016Fh -ABIGRAM=02000h-020EFh \
  -ARAM=020h-06Fh,0A0h-0EFh,0120h-016Fh \
  -AABS1=020h-07Fh,0A0h-0EFh,0120h-016Fh -ASFR0=00h-01Fh -ASFR1=080h-09Fh \
  -ASFR2=0100h-011Fh -ASFR3=0180h-01EFh -ASFR4=0200h-026Fh \
  -ASFR5=0280h-02EFh -ASFR6=0300h-036Fh -ASFR7=0380h-03EFh \
  -ASFR8=0400h-046Fh -ASFR9=0480h-04EFh -ASFR10=0500h-056Fh \
  -ASFR11=0580h-05EFh -ASFR12=0600h-066Fh -ASFR13=0680h-06EFh \
  -ASFR14=0700h-076Fh -ASFR15=0780h-07EFh -ASFR16=0800h-086Fh \
  -ASFR17=0880h-08EFh -ASFR18=0900h-096Fh -ASFR19=0980h-09EFh \
  -ASFR20=0A00h-0A6Fh -ASFR21=0A80h-0AEFh -ASFR22=0B00h-0B6Fh \
  -ASFR23=0B80h-0BEFh -ASFR24=0C00h-0C6Fh -ASFR25=0C80h-0CEFh \
  -ASFR26=0D00h-0D6Fh -ASFR27=0D80h-0DEFh -ASFR28=0E00h-0E6Fh \
  -ASFR29=0E80h-0EEFh -ASFR30=0F00h-0F6Fh -ASFR31=0F80h-0FEFh \
  -preset_vec=00h,intentry=04h,init,end_init -ppowerup=CODE -pcinit=CODE \
  -pfunctab=CODE -ACONFIG=08007h-08008h -pconfig=CONFIG -DCONFIG=2 \
  -AIDLOC=08000h-08003h -pidloc=IDLOC -DIDLOC=2 -AEEDATA=00h-0FFh/0F000h \
  -peeprom_data=EEDATA -DEEDATA=2 -DCODE=2 -DSTRCODE=2 -DSTRING=2 -DCONST=2 \
  -DENTRY=2 -k C:\Users\home\AppData\Local\Temp\s48g.obj \
  dist/default/production\i2c-slave-dwarf.X.production.obj 

Object code version is 3.11

Machine type is 12LF1840



                Name                               Link     Load   Length Selector   Space Scale
C:\Users\home\AppData\Local\Temp\s48g.obj
                end_init                             10       10        2        8       0
                reset_vec                             0        0        2        0       0
dist/default/production\i2c-slave-dwarf.X.production.obj
                cinit                                12       12        E        8       0
                intentry                              4        4        C        8       0
                eeprom_data                           0     F000        8    1E000       3
                text13                              33B      33B       10        8       0
                text12                              255      255       4C        8       0
                text10                              2DB      2DB       1E        8       0
                text9                               377      377        4        8       0
                text8                               2F9      2F9       1B        8       0
                text7                               34B      34B        E        8       0
                text6                               32B      32B       10        8       0
                text5                               359      359        9        8       0
                text4                               36A      36A        7        8       0
                text3                               362      362        8        8       0
                text2                               314      314       17        8       0
                text1                               2A1      2A1       3A        8       0
                maintext                             20       20      235        8       0
                cstackBANK0                          39       39        9       20       1
                cstackCOMMON                         70       70        7       70       1
                clrtext                             371      371        6        8       0
                bssBANK0                             20       20       19       20       1
                bssCOMMON                            77       77        3       70       1

TOTAL           Name                               Link     Load   Length     Space
        CLASS   STACK          

        CLASS   CONST          

        CLASS   CODE           
                end_init                             10       10        2         0
                cinit                                12       12        E         0
                intentry                              4        4        C         0
                reset_vec                             0        0        2         0
                text13                              33B      33B       10         0
                text12                              255      255       4C         0
                text10                              2DB      2DB       1E         0
                text9                               377      377        4         0
                text8                               2F9      2F9       1B         0
                text7                               34B      34B        E         0
                text6                               32B      32B       10         0
                text5                               359      359        9         0
                text4                               36A      36A        7         0
                text3                               362      362        8         0
                text2                               314      314       17         0
                text1                               2A1      2A1       3A         0
                maintext                             20       20      235         0
                clrtext                             371      371        6         0

        CLASS   STRCODE        

        CLASS   ENTRY          

        CLASS   STRING         

        CLASS   COMMON         
                cstackCOMMON                         70       70        7         1
                bssCOMMON                            77       77        3         1

        CLASS   BANK0          
                cstackBANK0                          39       39        9         1
                bssBANK0                             20       20       19         1

        CLASS   BANK1          

        CLASS   BANK2          

        CLASS   BIGRAM         

        CLASS   RAM            

        CLASS   ABS1           
                abs_s1                               7E       7E        2         1

        CLASS   SFR0           

        CLASS   SFR1           

        CLASS   SFR2           

        CLASS   SFR3           

        CLASS   SFR4           

        CLASS   SFR5           

        CLASS   SFR6           

        CLASS   SFR7           

        CLASS   SFR8           

        CLASS   SFR9           

        CLASS   SFR10          

        CLASS   SFR11          

        CLASS   SFR12          

        CLASS   SFR13          

        CLASS   SFR14          

        CLASS   SFR15          

        CLASS   SFR16          

        CLASS   SFR17          

        CLASS   SFR18          

        CLASS   SFR19          

        CLASS   SFR20          

        CLASS   SFR21          

        CLASS   SFR22          

        CLASS   SFR23          

        CLASS   SFR24          

        CLASS   SFR25          

        CLASS   SFR26          

        CLASS   SFR27          

        CLASS   SFR28          

        CLASS   SFR29          

        CLASS   SFR30          

        CLASS   SFR31          

        CLASS   CONFIG         

        CLASS   IDLOC          

        CLASS   EEDATA         
                eeprom_data                           0     F000        8         3

        CLASS   BANK31         

        CLASS   BANK30         

        CLASS   BANK29         

        CLASS   BANK28         

        CLASS   BANK27         

        CLASS   BANK26         

        CLASS   BANK25         

        CLASS   BANK24         

        CLASS   BANK23         

        CLASS   BANK22         

        CLASS   BANK21         

        CLASS   BANK20         

        CLASS   BANK19         

        CLASS   BANK18         

        CLASS   BANK17         

        CLASS   BANK16         

        CLASS   BANK15         

        CLASS   BANK14         

        CLASS   BANK13         

        CLASS   BANK12         

        CLASS   BANK11         

        CLASS   BANK10         

        CLASS   BANK9          

        CLASS   BANK8          

        CLASS   BANK7          

        CLASS   BANK6          

        CLASS   BANK5          

        CLASS   BANK4          

        CLASS   BANK3          



SEGMENTS        Name                           Load    Length   Top    Selector   Space  Class     Delta

                reset_vec                      000000  000002  000002         0       0  CODE        2
                intentry                       000004  000377  00037B         8       0  CODE        2
                bssBANK0                       000020  000022  000042        20       1  BANK0       1
                cstackCOMMON                   000070  00000A  00007A        70       1  COMMON      1
                eeprom_data                    00F000  000008  00F008     1E000       3  EEDATA      2


UNUSED ADDRESS RANGES

        Name                Unused          Largest block    Delta
        BANK0            00042-0006F              2E           1
        BANK1            000A0-000EF              50           1
        BANK2            00120-0016F              50           1
        BIGRAM           02000-020EF              F0           1
        CODE             00002-00003               2           2
                         0037B-00FFF             485
        COMMON           0007A-0007D               4           1
        CONFIG           08007-08008               2           2
        CONST            00002-00003               2           2
                         0037B-00FFF             100
        EEDATA           0F008-0F0FF              F8           2
        ENTRY            00002-00003               2           2
                         0037B-00FFF             100
        IDLOC            08000-08003               4           2
        RAM              00042-0006F              2E           1
                         000A0-000EF              50
                         00120-0016F              50
        SFR0             00000-0001F              20           1
        SFR1             00080-0009F              20           1
        SFR10            00500-0056F              70           1
        SFR11            00580-005EF              70           1
        SFR12            00600-0066F              70           1
        SFR13            00680-006EF              70           1
        SFR14            00700-0076F              70           1
        SFR15            00780-007EF              70           1
        SFR16            00800-0086F              70           1
        SFR17            00880-008EF              70           1
        SFR18            00900-0096F              70           1
        SFR19            00980-009EF              70           1
        SFR2             00100-0011F              20           1
        SFR20            00A00-00A6F              70           1
        SFR21            00A80-00AEF              70           1
        SFR22            00B00-00B6F              70           1
        SFR23            00B80-00BEF              70           1
        SFR24            00C00-00C6F              70           1
        SFR25            00C80-00CEF              70           1
        SFR26            00D00-00D6F              70           1
        SFR27            00D80-00DEF              70           1
        SFR28            00E00-00E6F              70           1
        SFR29            00E80-00EEF              70           1
        SFR3             00180-001EF              70           1
        SFR30            00F00-00F6F              70           1
        SFR31            00F80-00FEF              70           1
        SFR4             00200-0026F              70           1
        SFR5             00280-002EF              70           1
        SFR6             00300-0036F              70           1
        SFR7             00380-003EF              70           1
        SFR8             00400-0046F              70           1
        SFR9             00480-004EF              70           1
        STACK            02022-020EF              CE           1
        STRCODE          00002-00003               2           2
                         0037B-00FFF             C85
        STRING           00002-00003               2           2
                         0037B-00FFF             100

                                  Symbol Table

PIC12_ADC_read@chan                   cstackCOMMON 00075
PIC12_I2C_Slave_handler@BUF_temp      cstackCOMMON 00071
PIC12_I2C_Slave_handler@byte_ptr      bssCOMMON    00077
PIC12_I2C_Slave_handler@registerIndex bssCOMMON    00078
_ACKSTAT                              (abs)        010B6
_ADCON0                               (abs)        0009D
_ADCON1                               (abs)        0009E
_ADGO                                 (abs)        004E9
_ADIF                                 (abs)        0008E
_ADON                                 (abs)        004E8
_ADRESH                               (abs)        0009C
_ANSA1                                (abs)        00C61
_ANSA2                                (abs)        00C62
_ANSA4                                (abs)        00C64
_ANSELA                               (abs)        0018C
_CARRY                                (abs)        00018
_CCP1CONbits                          (abs)        00293
_CCP1SEL                              (abs)        008E8
_CCPR1L                               (abs)        00291
_CKP                                  (abs)        010AC
_D_nA                                 (abs)        010A5
_EEADR                                (abs)        00191
_EECON1                               (abs)        00195
_EECON2                               (abs)        00196
_EEDATA                               (abs)        00193
_GIE                                  (abs)        0005F
_I2C_processBuffers                   text10       002DB
_LATA5                                (abs)        00865
_ONE_ISR_FITS_ALL                     intentry     00004
_OSCCONbits                           (abs)        00099
_PEIE                                 (abs)        0005E
_PIC12_ADC_channelData                bssBANK0     00020
_PIC12_ADC_init                       text9        00377
_PIC12_ADC_read                       text8        002F9
_PIC12_ECCP_init                      text7        0034B
_PIC12_I2C_Slave_handler              text12       00255
_PIC12_I2C_Slave_init                 text6        0032B
_PIC12_TMR2_init                      text5        00359
_PIC12_WDT_init                       text4        0036A
_PORTA                                (abs)        0000C
_PR2                                  (abs)        0001B
_RD                                   (abs)        00CA8
_R_nW                                 (abs)        010A2
_SSP1ADD                              (abs)        00212
_SSP1BUF                              (abs)        00211
_SSP1CON1                             (abs)        00215
_SSP1CON2                             (abs)        00216
_SSP1CON3                             (abs)        00217
_SSP1IE                               (abs)        0048B
_SSP1IF                               (abs)        0008B
_SSP1MSK                              (abs)        00213
_SSP1STAT                             (abs)        00214
_SSP1STATbits                         (abs)        00214
_SSPBuffer                            bssBANK0     00029
_SSPOV                                (abs)        010AE
_SSP_bufIndex                         bssCOMMON    00079
_STAV                                 bssBANK0     00024
_SWDTEN                               (abs)        004B8
_SYS_CLK_init                         text3        00362
_SYS_IO_init                          text2        00314
_T2CONbits                            (abs)        0001C
_TMR2ON                               (abs)        000E2
_TRISA                                (abs)        0008C
_TRISA1                               (abs)        00461
_TRISA2                               (abs)        00462
_TRISA5                               (abs)        00465
_WCOL                                 (abs)        010AF
_WDTCONbits                           (abs)        00097
_WPUA1                                (abs)        01061
_WPUA2                                (abs)        01062
_WR                                   (abs)        00CA9
_WREN                                 (abs)        00CAA
__Babs1                               abs1         1E010
__Bbank0                              bank0        1E010
__Bbank1                              bank1        1E010
__Bbank10                             bank10       1E010
__Bbank11                             bank11       1E010
__Bbank12                             bank12       1E010
__Bbank13                             bank13       1E010
__Bbank14                             bank14       1E010
__Bbank15                             bank15       1E010
__Bbank16                             bank16       1E010
__Bbank17                             bank17       1E010
__Bbank18                             bank18       1E010
__Bbank19                             bank19       1E010
__Bbank2                              bank2        1E010
__Bbank20                             bank20       1E010
__Bbank21                             bank21       1E010
__Bbank22                             bank22       1E010
__Bbank23                             bank23       1E010
__Bbank24                             bank24       1E010
__Bbank25                             bank25       1E010
__Bbank26                             bank26       1E010
__Bbank27                             bank27       1E010
__Bbank28                             bank28       1E010
__Bbank29                             bank29       1E010
__Bbank3                              bank3        1E010
__Bbank30                             bank30       1E010
__Bbank31                             bank31       1E010
__Bbank4                              bank4        1E010
__Bbank5                              bank5        1E010
__Bbank6                              bank6        1E010
__Bbank7                              bank7        1E010
__Bbank8                              bank8        1E010
__Bbank9                              bank9        1E010
__Bbigram                             bigram       1E010
__BbssBANK0                           bssBANK0     1E010
__BbssCOMMON                          bssCOMMON    1E010
__Bclrtext                            clrtext      1E010
__Bcode                               code         1E010
__Bcommon                             common       1E010
__BcstackBANK0                        cstackBANK0  1E010
__BcstackCOMMON                       cstackCOMMON 1E010
__Beeprom_data                        eeprom_data  0F000
__Bmaintext                           maintext     1E010
__Bram                                ram          1E010
__Bsfr0                               sfr0         1E010
__Bsfr1                               sfr1         1E010
__Bsfr10                              sfr10        1E010
__Bsfr11                              sfr11        1E010
__Bsfr12                              sfr12        1E010
__Bsfr13                              sfr13        1E010
__Bsfr14                              sfr14        1E010
__Bsfr15                              sfr15        1E010
__Bsfr16                              sfr16        1E010
__Bsfr17                              sfr17        1E010
__Bsfr18                              sfr18        1E010
__Bsfr19                              sfr19        1E010
__Bsfr2                               sfr2         1E010
__Bsfr20                              sfr20        1E010
__Bsfr21                              sfr21        1E010
__Bsfr22                              sfr22        1E010
__Bsfr23                              sfr23        1E010
__Bsfr24                              sfr24        1E010
__Bsfr25                              sfr25        1E010
__Bsfr26                              sfr26        1E010
__Bsfr27                              sfr27        1E010
__Bsfr28                              sfr28        1E010
__Bsfr29                              sfr29        1E010
__Bsfr3                               sfr3         1E010
__Bsfr30                              sfr30        1E010
__Bsfr31                              sfr31        1E010
__Bsfr4                               sfr4         1E010
__Bsfr5                               sfr5         1E010
__Bsfr6                               sfr6         1E010
__Bsfr7                               sfr7         1E010
__Bsfr8                               sfr8         1E010
__Bsfr9                               sfr9         1E010
__Bstrings                            strings      1E010
__Btext                               text         1E010
__Habs1                               abs1         00010
__Hbank0                              bank0        00010
__Hbank1                              bank1        00010
__Hbank10                             bank10       00010
__Hbank11                             bank11       00010
__Hbank12                             bank12       00010
__Hbank13                             bank13       00010
__Hbank14                             bank14       00010
__Hbank15                             bank15       00010
__Hbank16                             bank16       00010
__Hbank17                             bank17       00010
__Hbank18                             bank18       00010
__Hbank19                             bank19       00010
__Hbank2                              bank2        00010
__Hbank20                             bank20       00010
__Hbank21                             bank21       00010
__Hbank22                             bank22       00010
__Hbank23                             bank23       00010
__Hbank24                             bank24       00010
__Hbank25                             bank25       00010
__Hbank26                             bank26       00010
__Hbank27                             bank27       00010
__Hbank28                             bank28       00010
__Hbank29                             bank29       00010
__Hbank3                              bank3        00010
__Hbank30                             bank30       00010
__Hbank31                             bank31       00010
__Hbank4                              bank4        00010
__Hbank5                              bank5        00010
__Hbank6                              bank6        00010
__Hbank7                              bank7        00010
__Hbank8                              bank8        00010
__Hbank9                              bank9        00010
__Hbigram                             bigram       00010
__HbssBANK0                           bssBANK0     00010
__HbssCOMMON                          bssCOMMON    00010
__Hcinit                              cinit        00020
__Hclrtext                            clrtext      00010
__Hcode                               code         00010
__Hcommon                             common       00010
__Hconfig                             config       00000
__HcstackBANK0                        cstackBANK0  00010
__HcstackCOMMON                       cstackCOMMON 00010
__Heeprom_data                        eeprom_data  00008
__Hend_init                           end_init     00012
__Hfunctab                            functab      00000
__Hidloc                              idloc        00000
__Hinit                               init         00010
__Hintentry                           intentry     00010
__Hmaintext                           maintext     00010
__Hpowerup                            powerup      00000
__Hram                                ram          00010
__Hreset_vec                          reset_vec    00002
__Hsfr0                               sfr0         00010
__Hsfr1                               sfr1         00010
__Hsfr10                              sfr10        00010
__Hsfr11                              sfr11        00010
__Hsfr12                              sfr12        00010
__Hsfr13                              sfr13        00010
__Hsfr14                              sfr14        00010
__Hsfr15                              sfr15        00010
__Hsfr16                              sfr16        00010
__Hsfr17                              sfr17        00010
__Hsfr18                              sfr18        00010
__Hsfr19                              sfr19        00010
__Hsfr2                               sfr2         00010
__Hsfr20                              sfr20        00010
__Hsfr21                              sfr21        00010
__Hsfr22                              sfr22        00010
__Hsfr23                              sfr23        00010
__Hsfr24                              sfr24        00010
__Hsfr25                              sfr25        00010
__Hsfr26                              sfr26        00010
__Hsfr27                              sfr27        00010
__Hsfr28                              sfr28        00010
__Hsfr29                              sfr29        00010
__Hsfr3                               sfr3         00010
__Hsfr30                              sfr30        00010
__Hsfr31                              sfr31        00010
__Hsfr4                               sfr4         00010
__Hsfr5                               sfr5         00010
__Hsfr6                               sfr6         00010
__Hsfr7                               sfr7         00010
__Hsfr8                               sfr8         00010
__Hsfr9                               sfr9         00010
__Hspace_0                            (abs)        0037B
__Hspace_1                            (abs)        0007A
__Hspace_2                            (abs)        00000
__Hspace_3                            (abs)        00008
__Hstack                              stack        00000
__Hstrings                            strings      00010
__Htext                               text         00010
__Labs1                               abs1         00010
__Lbank0                              bank0        00010
__Lbank1                              bank1        00010
__Lbank10                             bank10       00010
__Lbank11                             bank11       00010
__Lbank12                             bank12       00010
__Lbank13                             bank13       00010
__Lbank14                             bank14       00010
__Lbank15                             bank15       00010
__Lbank16                             bank16       00010
__Lbank17                             bank17       00010
__Lbank18                             bank18       00010
__Lbank19                             bank19       00010
__Lbank2                              bank2        00010
__Lbank20                             bank20       00010
__Lbank21                             bank21       00010
__Lbank22                             bank22       00010
__Lbank23                             bank23       00010
__Lbank24                             bank24       00010
__Lbank25                             bank25       00010
__Lbank26                             bank26       00010
__Lbank27                             bank27       00010
__Lbank28                             bank28       00010
__Lbank29                             bank29       00010
__Lbank3                              bank3        00010
__Lbank30                             bank30       00010
__Lbank31                             bank31       00010
__Lbank4                              bank4        00010
__Lbank5                              bank5        00010
__Lbank6                              bank6        00010
__Lbank7                              bank7        00010
__Lbank8                              bank8        00010
__Lbank9                              bank9        00010
__Lbigram                             bigram       00010
__LbssBANK0                           bssBANK0     00010
__LbssCOMMON                          bssCOMMON    00010
__Lcinit                              cinit        00012
__Lclrtext                            clrtext      00010
__Lcode                               code         00010
__Lcommon                             common       00010
__Lconfig                             config       00000
__LcstackBANK0                        cstackBANK0  00010
__LcstackCOMMON                       cstackCOMMON 00010
__Leeprom_data                        eeprom_data  00000
__Lend_init                           end_init     00010
__Lfunctab                            functab      00000
__Lidloc                              idloc        00000
__Linit                               init         00010
__Lintentry                           intentry     00004
__Lmaintext                           maintext     00010
__Lpowerup                            powerup      00000
__Lram                                ram          00010
__Lreset_vec                          reset_vec    00000
__Lsfr0                               sfr0         00010
__Lsfr1                               sfr1         00010
__Lsfr10                              sfr10        00010
__Lsfr11                              sfr11        00010
__Lsfr12                              sfr12        00010
__Lsfr13                              sfr13        00010
__Lsfr14                              sfr14        00010
__Lsfr15                              sfr15        00010
__Lsfr16                              sfr16        00010
__Lsfr17                              sfr17        00010
__Lsfr18                              sfr18        00010
__Lsfr19                              sfr19        00010
__Lsfr2                               sfr2         00010
__Lsfr20                              sfr20        00010
__Lsfr21                              sfr21        00010
__Lsfr22                              sfr22        00010
__Lsfr23                              sfr23        00010
__Lsfr24                              sfr24        00010
__Lsfr25                              sfr25        00010
__Lsfr26                              sfr26        00010
__Lsfr27                              sfr27        00010
__Lsfr28                              sfr28        00010
__Lsfr29                              sfr29        00010
__Lsfr3                               sfr3         00010
__Lsfr30                              sfr30        00010
__Lsfr31                              sfr31        00010
__Lsfr4                               sfr4         00010
__Lsfr5                               sfr5         00010
__Lsfr6                               sfr6         00010
__Lsfr7                               sfr7         00010
__Lsfr8                               sfr8         00010
__Lsfr9                               sfr9         00010
__Lspace_0                            (abs)        00000
__Lspace_1                            (abs)        00000
__Lspace_2                            (abs)        00000
__Lspace_3                            (abs)        00000
__Lstack                              stack        00000
__Lstrings                            strings      00010
__Ltext                               text         00010
__S0                                  (abs)        0037B
__S1                                  (abs)        0007A
__S2                                  (abs)        00000
__S3                                  (abs)        0F008
___int_sp                             stack        00000
___latbits                            (abs)        00001
___sp                                 stack        00000
__end_of_I2C_processBuffers           text10       002F9
__end_of_ONE_ISR_FITS_ALL             intentry     00010
__end_of_PIC12_ADC_init               text9        0037B
__end_of_PIC12_ADC_read               text8        00314
__end_of_PIC12_ECCP_init              text7        00359
__end_of_PIC12_I2C_Slave_handler      text12       002A1
__end_of_PIC12_I2C_Slave_init         text6        0033B
__end_of_PIC12_TMR2_init              text5        00362
__end_of_PIC12_WDT_init               text4        00371
__end_of_SYS_CLK_init                 text3        0036A
__end_of_SYS_IO_init                  text2        0032B
__end_of__initialization              cinit        0001C
__end_of_goPat16                      text1        002DB
__end_of_main                         maintext     00255
__end_ofi1_PIC12_I2C_Slave_init       text13       0034B
__initialization                      cinit        00012
__pbssBANK0                           bssBANK0     00020
__pbssCOMMON                          bssCOMMON    00077
__pcstackBANK0                        cstackBANK0  00039
__pcstackCOMMON                       cstackCOMMON 00070
__pintentry                           intentry     00004
__pmaintext                           maintext     00020
__ptext0                              text0        00000
__ptext1                              text1        002A1
__ptext10                             text10       002DB
__ptext12                             text12       00255
__ptext13                             text13       0033B
__ptext2                              text2        00314
__ptext3                              text3        00362
__ptext4                              text4        0036A
__ptext5                              text5        00359
__ptext6                              text6        0032B
__ptext7                              text7        0034B
__ptext8                              text8        002F9
__ptext9                              text9        00377
__size_of_I2C_processBuffers          (abs)        00000
__size_of_ONE_ISR_FITS_ALL            (abs)        00000
__size_of_PIC12_ADC_init              (abs)        00000
__size_of_PIC12_ADC_read              (abs)        00000
__size_of_PIC12_ECCP_init             (abs)        00000
__size_of_PIC12_I2C_Slave_handler     (abs)        00000
__size_of_PIC12_I2C_Slave_init        (abs)        00000
__size_of_PIC12_TMR2_init             (abs)        00000
__size_of_PIC12_WDT_init              (abs)        00000
__size_of_SYS_CLK_init                (abs)        00000
__size_of_SYS_IO_init                 (abs)        00000
__size_of_goPat16                     (abs)        00000
__size_of_main                        (abs)        00000
__size_ofi1_PIC12_I2C_Slave_init      (abs)        00000
_goPat16                              text1        002A1
_main                                 maintext     00020
_nWPUEN                               (abs)        004AF
_pat16                                bssBANK0     00026
btemp                                 (abs)        0007E
clear_ram0                            clrtext      00371
end_of_initialization                 cinit        0001C
goPat16@byte8                         cstackCOMMON 00073
goPat16@i                             cstackCOMMON 00075
i1_PIC12_I2C_Slave_init               text13       0033B
intlevel0                             functab      00000
intlevel1                             functab      00000
intlevel2                             functab      00000
intlevel3                             functab      00000
intlevel4                             functab      00000
intlevel5                             functab      00000
ltemp                                 (abs)        0007E
ltemp0                                (abs)        0007E
ltemp1                                (abs)        00082
ltemp2                                (abs)        00086
ltemp3                                (abs)        00080
main@blik                             cstackBANK0  00040
pic14e$flags                          (abs)        0007E
reset_vec                             reset_vec    00000
stackhi                               (abs)        020EF
stacklo                               (abs)        02022
start                                 init         00010
start_initialization                  cinit        00012
ttemp                                 (abs)        0007E
ttemp0                                (abs)        0007E
ttemp1                                (abs)        00081
ttemp2                                (abs)        00084
ttemp3                                (abs)        00087
ttemp4                                (abs)        0007F
wtemp                                 (abs)        0007E
wtemp0                                (abs)        0007E
wtemp1                                (abs)        00080
wtemp2                                (abs)        00082
wtemp3                                (abs)        00084
wtemp4                                (abs)        00086
wtemp5                                (abs)        00088
wtemp6                                (abs)        0007F


FUNCTION INFORMATION:

 *************** function _main *****************
 Defined at:
		line 88 in file "../main.c"
 Parameters:    Size  Location     Type
		None
 Auto vars:     Size  Location     Type
  blik            2    7[BANK0 ] int 
 Return value:  Size  Location     Type
                  2  216[COMMON] int 
 Registers used:
		wreg, status,2, status,0, pclath, cstack
 Tracked objects:
		On entry : 
		On exit  : 
		Unchanged: 
 Data sizes:     COMMON   BANK0   BANK1   BANK2
      Params:         0       0       0       0
      Locals:         0       2       0       0
      Temps:          0       3       0       0
      Totals:         0       5       0       0
Total ram usage:        5 bytes
 Hardware stack levels required when called:    4
 This function calls:
		_I2C_processBuffers
		_PIC12_ADC_init
		_PIC12_ADC_read
		_PIC12_ECCP_init
		_PIC12_I2C_Slave_init
		_PIC12_TMR2_init
		_PIC12_WDT_init
		_SYS_CLK_init
		_SYS_IO_init
		_goPat16
 This function is called by:
		Startup code after reset
 This function uses a non-reentrant model


 *************** function _goPat16 *****************
 Defined at:
		line 77 in file "../main.c"
 Parameters:    Size  Location     Type
  byte8           2    3[COMMON] int 
 Auto vars:     Size  Location     Type
  i               2    5[COMMON] int 
 Return value:  Size  Location     Type
		None               void
 Registers used:
		wreg, status,2, status,0
 Tracked objects:
		On entry : 
		On exit  : 
		Unchanged: 
 Data sizes:     COMMON   BANK0   BANK1   BANK2
      Params:         2       0       0       0
      Locals:         2       0       0       0
      Temps:          0       4       0       0
      Totals:         4       4       0       0
Total ram usage:        8 bytes
 Hardware stack levels used:    1
 Hardware stack levels required when called:    3
 This function calls:
		Nothing
 This function is called by:
		_main
 This function uses a non-reentrant model


 *************** function _SYS_IO_init *****************
 Defined at:
		line 36 in file "../main.c"
 Parameters:    Size  Location     Type
		None
 Auto vars:     Size  Location     Type
		None
 Return value:  Size  Location     Type
		None               void
 Registers used:
		status,2
 Tracked objects:
		On entry : 
		On exit  : 
		Unchanged: 
 Data sizes:     COMMON   BANK0   BANK1   BANK2
      Params:         0       0       0       0
      Locals:         0       0       0       0
      Temps:          0       0       0       0
      Totals:         0       0       0       0
Total ram usage:        0 bytes
 Hardware stack levels used:    1
 Hardware stack levels required when called:    3
 This function calls:
		Nothing
 This function is called by:
		_main
 This function uses a non-reentrant model


 *************** function _SYS_CLK_init *****************
 Defined at:
		line 56 in file "../main.c"
 Parameters:    Size  Location     Type
		None
 Auto vars:     Size  Location     Type
		None
 Return value:  Size  Location     Type
		None               void
 Registers used:
		wreg, status,2, status,0
 Tracked objects:
		On entry : 
		On exit  : 
		Unchanged: 
 Data sizes:     COMMON   BANK0   BANK1   BANK2
      Params:         0       0       0       0
      Locals:         0       0       0       0
      Temps:          0       0       0       0
      Totals:         0       0       0       0
Total ram usage:        0 bytes
 Hardware stack levels used:    1
 Hardware stack levels required when called:    3
 This function calls:
		Nothing
 This function is called by:
		_main
 This function uses a non-reentrant model


 *************** function _PIC12_WDT_init *****************
 Defined at:
		line 3 in file "../PIC12_WDT.c"
 Parameters:    Size  Location     Type
		None
 Auto vars:     Size  Location     Type
		None
 Return value:  Size  Location     Type
		None               void
 Registers used:
		wreg, status,2, status,0
 Tracked objects:
		On entry : 
		On exit  : 
		Unchanged: 
 Data sizes:     COMMON   BANK0   BANK1   BANK2
      Params:         0       0       0       0
      Locals:         0       0       0       0
      Temps:          0       0       0       0
      Totals:         0       0       0       0
Total ram usage:        0 bytes
 Hardware stack levels used:    1
 Hardware stack levels required when called:    3
 This function calls:
		Nothing
 This function is called by:
		_main
 This function uses a non-reentrant model


 *************** function _PIC12_TMR2_init *****************
 Defined at:
		line 3 in file "../PIC12_TMR2.c"
 Parameters:    Size  Location     Type
		None
 Auto vars:     Size  Location     Type
		None
 Return value:  Size  Location     Type
		None               void
 Registers used:
		wreg, status,2, status,0
 Tracked objects:
		On entry : 
		On exit  : 
		Unchanged: 
 Data sizes:     COMMON   BANK0   BANK1   BANK2
      Params:         0       0       0       0
      Locals:         0       0       0       0
      Temps:          0       0       0       0
      Totals:         0       0       0       0
Total ram usage:        0 bytes
 Hardware stack levels used:    1
 Hardware stack levels required when called:    3
 This function calls:
		Nothing
 This function is called by:
		_main
 This function uses a non-reentrant model


 *************** function _PIC12_I2C_Slave_init *****************
 Defined at:
		line 65 in file "../PIC12_I2C_Slave.c"
 Parameters:    Size  Location     Type
		None
 Auto vars:     Size  Location     Type
		None
 Return value:  Size  Location     Type
		None               void
 Registers used:
		wreg, status,2
 Tracked objects:
		On entry : 
		On exit  : 
		Unchanged: 
 Data sizes:     COMMON   BANK0   BANK1   BANK2
      Params:         0       0       0       0
      Locals:         0       0       0       0
      Temps:          0       0       0       0
      Totals:         0       0       0       0
Total ram usage:        0 bytes
 Hardware stack levels used:    1
 Hardware stack levels required when called:    3
 This function calls:
		Nothing
 This function is called by:
		_main
 This function uses a non-reentrant model


 *************** function _PIC12_ECCP_init *****************
 Defined at:
		line 3 in file "../PIC12_ECCP.c"
 Parameters:    Size  Location     Type
		None
 Auto vars:     Size  Location     Type
		None
 Return value:  Size  Location     Type
		None               void
 Registers used:
		wreg, status,2, status,0
 Tracked objects:
		On entry : 
		On exit  : 
		Unchanged: 
 Data sizes:     COMMON   BANK0   BANK1   BANK2
      Params:         0       0       0       0
      Locals:         0       0       0       0
      Temps:          0       0       0       0
      Totals:         0       0       0       0
Total ram usage:        0 bytes
 Hardware stack levels used:    1
 Hardware stack levels required when called:    3
 This function calls:
		Nothing
 This function is called by:
		_main
 This function uses a non-reentrant model


 *************** function _PIC12_ADC_read *****************
 Defined at:
		line 16 in file "../PIC12_ADC.c"
 Parameters:    Size  Location     Type
  chan            1    wreg     unsigned char 
 Auto vars:     Size  Location     Type
  chan            1    5[COMMON] unsigned char 
 Return value:  Size  Location     Type
                  1    wreg      unsigned char 
 Registers used:
		wreg, status,2, status,0
 Tracked objects:
		On entry : 
		On exit  : 
		Unchanged: 
 Data sizes:     COMMON   BANK0   BANK1   BANK2
      Params:         0       0       0       0
      Locals:         1       0       0       0
      Temps:          2       0       0       0
      Totals:         3       0       0       0
Total ram usage:        3 bytes
 Hardware stack levels used:    1
 Hardware stack levels required when called:    3
 This function calls:
		Nothing
 This function is called by:
		_main
 This function uses a non-reentrant model


 *************** function _PIC12_ADC_init *****************
 Defined at:
		line 37 in file "../PIC12_ADC.c"
 Parameters:    Size  Location     Type
		None
 Auto vars:     Size  Location     Type
		None
 Return value:  Size  Location     Type
		None               void
 Registers used:
		status,2
 Tracked objects:
		On entry : 
		On exit  : 
		Unchanged: 
 Data sizes:     COMMON   BANK0   BANK1   BANK2
      Params:         0       0       0       0
      Locals:         0       0       0       0
      Temps:          0       0       0       0
      Totals:         0       0       0       0
Total ram usage:        0 bytes
 Hardware stack levels used:    1
 Hardware stack levels required when called:    3
 This function calls:
		Nothing
 This function is called by:
		_main
 This function uses a non-reentrant model


 *************** function _I2C_processBuffers *****************
 Defined at:
		line 62 in file "../main.c"
 Parameters:    Size  Location     Type
		None
 Auto vars:     Size  Location     Type
		None
 Return value:  Size  Location     Type
		None               void
 Registers used:
		wreg, status,2, status,0
 Tracked objects:
		On entry : 
		On exit  : 
		Unchanged: 
 Data sizes:     COMMON   BANK0   BANK1   BANK2
      Params:         0       0       0       0
      Locals:         0       0       0       0
      Temps:          2       0       0       0
      Totals:         2       0       0       0
Total ram usage:        2 bytes
 Hardware stack levels used:    1
 Hardware stack levels required when called:    3
 This function calls:
		Nothing
 This function is called by:
		_main
 This function uses a non-reentrant model


 *************** function _ONE_ISR_FITS_ALL *****************
 Defined at:
		line 31 in file "../main.c"
 Parameters:    Size  Location     Type
		None
 Auto vars:     Size  Location     Type
		None
 Return value:  Size  Location     Type
		None               void
 Registers used:
		wreg, fsr1l, fsr1h, status,2, status,0, pclath, cstack
 Tracked objects:
		On entry : 
		On exit  : 
		Unchanged: 
 Data sizes:     COMMON   BANK0   BANK1   BANK2
      Params:         0       0       0       0
      Locals:         0       0       0       0
      Temps:          1       0       0       0
      Totals:         1       0       0       0
Total ram usage:        1 bytes
 Hardware stack levels used:    1
 Hardware stack levels required when called:    2
 This function calls:
		_PIC12_I2C_Slave_handler
 This function is called by:
		Interrupt level 1
 This function uses a non-reentrant model


 *************** function _PIC12_I2C_Slave_handler *****************
 Defined at:
		line 7 in file "../PIC12_I2C_Slave.c"
 Parameters:    Size  Location     Type
		None
 Auto vars:     Size  Location     Type
  BUF_temp        1    1[COMMON] unsigned char 
 Return value:  Size  Location     Type
		None               void
 Registers used:
		wreg, fsr1l, fsr1h, status,2, status,0, pclath, cstack
 Tracked objects:
		On entry : 
		On exit  : 
		Unchanged: 
 Data sizes:     COMMON   BANK0   BANK1   BANK2
      Params:         0       0       0       0
      Locals:         1       0       0       0
      Temps:          1       0       0       0
      Totals:         2       0       0       0
Total ram usage:        2 bytes
 Hardware stack levels used:    1
 Hardware stack levels required when called:    1
 This function calls:
		i1_PIC12_I2C_Slave_init
 This function is called by:
		_ONE_ISR_FITS_ALL
 This function uses a non-reentrant model


 *************** function i1_PIC12_I2C_Slave_init *****************
 Defined at:
		line 65 in file "../PIC12_I2C_Slave.c"
 Parameters:    Size  Location     Type
		None
 Auto vars:     Size  Location     Type
		None
 Return value:  Size  Location     Type
		None               void
 Registers used:
		wreg, status,2
 Tracked objects:
		On entry : 
		On exit  : 
		Unchanged: 
 Data sizes:     COMMON   BANK0   BANK1   BANK2
      Params:         0       0       0       0
      Locals:         0       0       0       0
      Temps:          0       0       0       0
      Totals:         0       0       0       0
Total ram usage:        0 bytes
 Hardware stack levels used:    1
 This function calls:
		Nothing
 This function is called by:
		_PIC12_I2C_Slave_handler
 This function uses a non-reentrant model



MODULE INFORMATION

Module		Function		Class		Link	Load	Size
../main.c
		_ONE_ISR_FITS_A		CODE           	0004	0000	12
		_main          		CODE           	0020	0000	565
		_goPat16       		CODE           	02A1	0000	58
		_I2C_processBuf		CODE           	02DB	0000	30
		_SYS_IO_init   		CODE           	0314	0000	23
		_SYS_CLK_init  		CODE           	0362	0000	8

../main.c estimated size: 696

../PIC12_ECCP.c
		_PIC12_ECCP_ini		CODE           	034B	0000	14

../PIC12_ECCP.c estimated size: 14

../PIC12_I2C_Slave.c
		_PIC12_I2C_Slav		CODE           	032B	0000	16
		_PIC12_I2C_Slav		CODE           	0255	0000	76

../PIC12_I2C_Slave.c estimated size: 92

shared
		i1_PIC12_I2C_Sl		CODE           	033B	0000	16
		__initializatio		CODE           	0012	0000	10

shared estimated size: 26

../PIC12_WDT.c
		_PIC12_WDT_init		CODE           	036A	0000	7

../PIC12_WDT.c estimated size: 7

../PIC12_TMR2.c
		_PIC12_TMR2_ini		CODE           	0359	0000	9

../PIC12_TMR2.c estimated size: 9

../PIC12_ADC.c
		_PIC12_ADC_read		CODE           	02F9	0000	27
		_PIC12_ADC_init		CODE           	0377	0000	4

../PIC12_ADC.c estimated size: 31

