Microchip MPLAB XC8 Compiler V1.33 ()

Linker command line:

--edf=C:\Program Files (x86)\Microchip\xc8\v1.33\dat\en_msgs.txt -cs \
  -h+dist/default/production\1840-c-lion.X.production.sym \
  --cmf=dist/default/production\1840-c-lion.X.production.cmf -z -Q12F1840 \
  -oC:\Users\home\AppData\Local\Temp\s1h4.6 \
  -Mdist/default/production/1840-c-lion.X.production.map -E1 -ver=XC8 \
  -ASTACK=0202Eh-020efh -pstack=STACK -ACONST=00h-0FFhx16 \
  -ACODE=00h-07FFhx2 -ASTRCODE=00h-0FFFh -AENTRY=00h-0FFhx16 \
  -ASTRING=00h-0FFhx16 -ACOMMON=070h-07Fh -ABANK0=020h-06Fh \
  -ABANK1=0A0h-0EFh -ABANK2=0120h-016Fh -ABIGRAM=02000h-020EFh \
  -ARAM=020h-06Fh,0A0h-0EFh,0120h-016Fh \
  -AABS1=020h-07Fh,0A0h-0EFh,0120h-016Fh -ASFR0=00h-01Fh -ASFR1=080h-09Fh \
  -ASFR2=0100h-011Fh -ASFR3=0180h-01EFh -ASFR4=0200h-026Fh \
  -ASFR5=0280h-02EFh -ASFR6=0300h-036Fh -ASFR7=0380h-03EFh \
  -ASFR8=0400h-046Fh -ASFR9=0480h-04EFh -ASFR10=0500h-056Fh \
  -ASFR11=0580h-05EFh -ASFR12=0600h-066Fh -ASFR13=0680h-06EFh \
  -ASFR14=0700h-076Fh -ASFR15=0780h-07EFh -ASFR16=0800h-086Fh \
  -ASFR17=0880h-08EFh -ASFR18=0900h-096Fh -ASFR19=0980h-09EFh \
  -ASFR20=0A00h-0A6Fh -ASFR21=0A80h-0AEFh -ASFR22=0B00h-0B6Fh \
  -ASFR23=0B80h-0BEFh -ASFR24=0C00h-0C6Fh -ASFR25=0C80h-0CEFh \
  -ASFR26=0D00h-0D6Fh -ASFR27=0D80h-0DEFh -ASFR28=0E00h-0E6Fh \
  -ASFR29=0E80h-0EEFh -ASFR30=0F00h-0F6Fh -ASFR31=0F80h-0FEFh \
  -preset_vec=00h,intentry,init,end_init -ppowerup=CODE -pcinit=CODE \
  -pfunctab=CODE -ACONFIG=08007h-08008h -pconfig=CONFIG -DCONFIG=2 \
  -AIDLOC=08000h-08003h -pidloc=IDLOC -DIDLOC=2 -AEEDATA=00h-0FFh/0F000h \
  -peeprom_data=EEDATA -DEEDATA=2 -DCODE=2 -DSTRCODE=2 -DSTRING=2 -DCONST=2 \
  -DENTRY=2 -k C:\Users\home\AppData\Local\Temp\s1h4.obj \
  dist/default/production\1840-c-lion.X.production.obj 

Object code version is 3.11

Machine type is 12F1840



                Name                               Link     Load   Length Selector   Space Scale
C:\Users\home\AppData\Local\Temp\s1h4.obj
                end_init                              2        2        2        0       0
                reset_vec                             0        0        2        0       0
                config                             8007     8007        1    1000E       0
dist/default/production\1840-c-lion.X.production.obj
                cinit                               7ED      7ED       13      FDA       0
                text7                               586      586       11      B0C       0
                text6                               57C      57C        4      AF8       0
                text5                               597      597       12      B2E       0
                text4                               5A9      5A9       29      B52       0
                text3                               608      608       40      C10       0
                text2                               5D2      5D2       36      BA4       0
                text1                               648      648       89      C90       0
                maintext                            6D1      6D1      11C      DA2       0
                cstackBANK0                          47       47        3       20       1
                cstackCOMMON                         70       70        D       70       1
                clrtext                             580      580        6      B00       0
                dataBANK0                            4C       4C        2       20       1
                bssBANK0                             20       20       27       20       1
                nvBANK0                              4A       4A        2       20       1
                idataBANK0                          57A      57A        2      AF4       0

TOTAL           Name                               Link     Load   Length     Space
        CLASS   STACK          

        CLASS   CONST          

        CLASS   CODE           
                end_init                              2        2        2         0
                cinit                               7ED      7ED       13         0
                reset_vec                             0        0        2         0
                text7                               586      586       11         0
                text6                               57C      57C        4         0
                text5                               597      597       12         0
                text4                               5A9      5A9       29         0
                text3                               608      608       40         0
                text2                               5D2      5D2       36         0
                text1                               648      648       89         0
                maintext                            6D1      6D1      11C         0
                clrtext                             580      580        6         0
                idataBANK0                          57A      57A        2         0

        CLASS   STRCODE        

        CLASS   ENTRY          

        CLASS   STRING         

        CLASS   COMMON         
                cstackCOMMON                         70       70        D         1

        CLASS   BANK0          
                cstackBANK0                          47       47        3         1
                dataBANK0                            4C       4C        2         1
                bssBANK0                             20       20       27         1
                nvBANK0                              4A       4A        2         1

        CLASS   BANK1          

        CLASS   BANK2          

        CLASS   BIGRAM         

        CLASS   RAM            

        CLASS   ABS1           
                abs_s1                               7E       7E        2         1

        CLASS   SFR0           

        CLASS   SFR1           

        CLASS   SFR2           

        CLASS   SFR3           

        CLASS   SFR4           

        CLASS   SFR5           

        CLASS   SFR6           

        CLASS   SFR7           

        CLASS   SFR8           

        CLASS   SFR9           

        CLASS   SFR10          

        CLASS   SFR11          

        CLASS   SFR12          

        CLASS   SFR13          

        CLASS   SFR14          

        CLASS   SFR15          

        CLASS   SFR16          

        CLASS   SFR17          

        CLASS   SFR18          

        CLASS   SFR19          

        CLASS   SFR20          

        CLASS   SFR21          

        CLASS   SFR22          

        CLASS   SFR23          

        CLASS   SFR24          

        CLASS   SFR25          

        CLASS   SFR26          

        CLASS   SFR27          

        CLASS   SFR28          

        CLASS   SFR29          

        CLASS   SFR30          

        CLASS   SFR31          

        CLASS   CONFIG         
                config                             8007     8007        1         0

        CLASS   IDLOC          

        CLASS   EEDATA         

        CLASS   BANK31         

        CLASS   BANK30         

        CLASS   BANK29         

        CLASS   BANK28         

        CLASS   BANK27         

        CLASS   BANK26         

        CLASS   BANK25         

        CLASS   BANK24         

        CLASS   BANK23         

        CLASS   BANK22         

        CLASS   BANK21         

        CLASS   BANK20         

        CLASS   BANK19         

        CLASS   BANK18         

        CLASS   BANK17         

        CLASS   BANK16         

        CLASS   BANK15         

        CLASS   BANK14         

        CLASS   BANK13         

        CLASS   BANK12         

        CLASS   BANK11         

        CLASS   BANK10         

        CLASS   BANK9          

        CLASS   BANK8          

        CLASS   BANK7          

        CLASS   BANK6          

        CLASS   BANK5          

        CLASS   BANK4          

        CLASS   BANK3          



SEGMENTS        Name                           Load    Length   Top    Selector   Space  Class     Delta

                reset_vec                      000000  000004  000004         0       0  CODE        2
                bssBANK0                       000020  00002E  00004E        20       1  BANK0       1
                cstackCOMMON                   000070  00000D  00007D        70       1  COMMON      1
                idataBANK0                     00057A  000002  00057C       AF4       0  CODE        2
                text6                          00057C  000004  000580       AF8       0  CODE        2
                clrtext                        000580  000006  000586       B00       0  CODE        2
                text7                          000586  000011  000597       B0C       0  CODE        2
                text5                          000597  000012  0005A9       B2E       0  CODE        2
                text4                          0005A9  000029  0005D2       B52       0  CODE        2
                text2                          0005D2  000036  000608       BA4       0  CODE        2
                text3                          000608  000040  000648       C10       0  CODE        2
                text1                          000648  000089  0006D1       C90       0  CODE        2
                maintext                       0006D1  00011C  0007ED       DA2       0  CODE        2
                cinit                          0007ED  000013  000800       FDA       0  CODE        2
                config                         008007  000001  008008     1000E       0  CONFIG      2


UNUSED ADDRESS RANGES

        Name                Unused          Largest block    Delta
        BANK0            0004E-0006F              22           1
        BANK1            000A0-000EF              50           1
        BANK2            00120-0016F              50           1
        BIGRAM           02000-020EF              F0           1
        CODE             00004-00579             576           2
                         00800-00FFF             800
        COMMON           0007D-0007D               1           1
        CONFIG           08008-08008               1           2
        CONST            00004-00579             100           2
                         00800-00FFF             100
        EEDATA           0F000-0F0FF             100           2
        ENTRY            00004-00579             100           2
                         00800-00FFF             100
        IDLOC            08000-08003               4           2
        RAM              0004E-0006F              22           1
                         000A0-000EF              50
                         00120-0016F              50
        SFR0             00000-0001F              20           1
        SFR1             00080-0009F              20           1
        SFR10            00500-0056F              70           1
        SFR11            00580-005EF              70           1
        SFR12            00600-0066F              70           1
        SFR13            00680-006EF              70           1
        SFR14            00700-0076F              70           1
        SFR15            00780-007EF              70           1
        SFR16            00800-0086F              70           1
        SFR17            00880-008EF              70           1
        SFR18            00900-0096F              70           1
        SFR19            00980-009EF              70           1
        SFR2             00100-0011F              20           1
        SFR20            00A00-00A6F              70           1
        SFR21            00A80-00AEF              70           1
        SFR22            00B00-00B6F              70           1
        SFR23            00B80-00BEF              70           1
        SFR24            00C00-00C6F              70           1
        SFR25            00C80-00CEF              70           1
        SFR26            00D00-00D6F              70           1
        SFR27            00D80-00DEF              70           1
        SFR28            00E00-00E6F              70           1
        SFR29            00E80-00EEF              70           1
        SFR3             00180-001EF              70           1
        SFR30            00F00-00F6F              70           1
        SFR31            00F80-00FEF              70           1
        SFR4             00200-0026F              70           1
        SFR5             00280-002EF              70           1
        SFR6             00300-0036F              70           1
        SFR7             00380-003EF              70           1
        SFR8             00400-0046F              70           1
        SFR9             00480-004EF              70           1
        STACK            0202E-020EF              C2           1
        STRCODE          00004-00579             576           2
                         00800-00FFF             800
        STRING           00004-00579             100           2
                         00800-00FFF             100

                                  Symbol Table

_ADCON0                  (abs)        0009D
_ADCON0bits              (abs)        0009D
_ADCON1                  (abs)        0009E
_ADCON1bits              (abs)        0009E
_ADRESH                  (abs)        0009C
_ANSELA                  (abs)        0018C
_APFCONbits              (abs)        0011D
_BAUDCONbits             (abs)        0019F
_CARRY                   (abs)        00018
_CM1CON0                 (abs)        00111
_CPSCON0                 (abs)        0001E
_EEADR                   (abs)        00191
_EECON1                  (abs)        00195
_EECON2                  (abs)        00196
_EEDATA                  (abs)        00193
_FVRCONbits              (abs)        00117
_FVRRDY                  (abs)        008BE
_GIE                     (abs)        0005F
_OSCCON                  (abs)        00099
_OSCCONbits              (abs)        00099
_PORTA                   (abs)        0000C
_RCIF                    (abs)        0008D
_RCREG                   (abs)        00199
_RCSTAbits               (abs)        0019D
_SPBRG                   (abs)        0019B
_SPBRGH                  (abs)        0019C
_TRISA                   (abs)        0008C
_TXREG                   (abs)        0019A
_TXSTAbits               (abs)        0019E
_WR                      (abs)        00CA9
_WREN                    (abs)        00CAA
__CFG_BOREN$OFF          (abs)        00000
__CFG_CLKOUTEN$OFF       (abs)        00000
__CFG_CP$OFF             (abs)        00000
__CFG_CPD$OFF            (abs)        00000
__CFG_FCMEN$OFF          (abs)        00000
__CFG_FOSC$INTOSC        (abs)        00000
__CFG_IESO$OFF           (abs)        00000
__CFG_MCLRE$OFF          (abs)        00000
__CFG_PWRTE$OFF          (abs)        00000
__CFG_WDTE$OFF           (abs)        00000
__Habs1                  abs1         00000
__Hbank0                 bank0        00000
__Hbank1                 bank1        00000
__Hbank10                bank10       00000
__Hbank11                bank11       00000
__Hbank12                bank12       00000
__Hbank13                bank13       00000
__Hbank14                bank14       00000
__Hbank15                bank15       00000
__Hbank16                bank16       00000
__Hbank17                bank17       00000
__Hbank18                bank18       00000
__Hbank19                bank19       00000
__Hbank2                 bank2        00000
__Hbank20                bank20       00000
__Hbank21                bank21       00000
__Hbank22                bank22       00000
__Hbank23                bank23       00000
__Hbank24                bank24       00000
__Hbank25                bank25       00000
__Hbank26                bank26       00000
__Hbank27                bank27       00000
__Hbank28                bank28       00000
__Hbank29                bank29       00000
__Hbank3                 bank3        00000
__Hbank30                bank30       00000
__Hbank31                bank31       00000
__Hbank4                 bank4        00000
__Hbank5                 bank5        00000
__Hbank6                 bank6        00000
__Hbank7                 bank7        00000
__Hbank8                 bank8        00000
__Hbank9                 bank9        00000
__Hbigram                bigram       00000
__HbssBANK0              bssBANK0     00000
__Hcinit                 cinit        00800
__Hclrtext               clrtext      00000
__Hcode                  code         00000
__Hcommon                common       00000
__Hconfig                config       08008
__HcstackBANK0           cstackBANK0  00000
__HcstackCOMMON          cstackCOMMON 00000
__HdataBANK0             dataBANK0    00000
__Heeprom_data           eeprom_data  00000
__Hend_init              end_init     00004
__Hfunctab               functab      00000
__HidataBANK0            idataBANK0   00000
__Hidloc                 idloc        00000
__Hinit                  init         00002
__Hintentry              intentry     00002
__Hmaintext              maintext     00000
__HnvBANK0               nvBANK0      00000
__Hpowerup               powerup      00000
__Hram                   ram          00000
__Hreset_vec             reset_vec    00002
__Hsfr0                  sfr0         00000
__Hsfr1                  sfr1         00000
__Hsfr10                 sfr10        00000
__Hsfr11                 sfr11        00000
__Hsfr12                 sfr12        00000
__Hsfr13                 sfr13        00000
__Hsfr14                 sfr14        00000
__Hsfr15                 sfr15        00000
__Hsfr16                 sfr16        00000
__Hsfr17                 sfr17        00000
__Hsfr18                 sfr18        00000
__Hsfr19                 sfr19        00000
__Hsfr2                  sfr2         00000
__Hsfr20                 sfr20        00000
__Hsfr21                 sfr21        00000
__Hsfr22                 sfr22        00000
__Hsfr23                 sfr23        00000
__Hsfr24                 sfr24        00000
__Hsfr25                 sfr25        00000
__Hsfr26                 sfr26        00000
__Hsfr27                 sfr27        00000
__Hsfr28                 sfr28        00000
__Hsfr29                 sfr29        00000
__Hsfr3                  sfr3         00000
__Hsfr30                 sfr30        00000
__Hsfr31                 sfr31        00000
__Hsfr4                  sfr4         00000
__Hsfr5                  sfr5         00000
__Hsfr6                  sfr6         00000
__Hsfr7                  sfr7         00000
__Hsfr8                  sfr8         00000
__Hsfr9                  sfr9         00000
__Hspace_0               (abs)        08008
__Hspace_1               (abs)        0007D
__Hspace_2               (abs)        00000
__Hspace_3               (abs)        00000
__Hstack                 stack        00000
__Hstrings               strings      00000
__Htext                  text         00000
__Labs1                  abs1         00000
__Lbank0                 bank0        00000
__Lbank1                 bank1        00000
__Lbank10                bank10       00000
__Lbank11                bank11       00000
__Lbank12                bank12       00000
__Lbank13                bank13       00000
__Lbank14                bank14       00000
__Lbank15                bank15       00000
__Lbank16                bank16       00000
__Lbank17                bank17       00000
__Lbank18                bank18       00000
__Lbank19                bank19       00000
__Lbank2                 bank2        00000
__Lbank20                bank20       00000
__Lbank21                bank21       00000
__Lbank22                bank22       00000
__Lbank23                bank23       00000
__Lbank24                bank24       00000
__Lbank25                bank25       00000
__Lbank26                bank26       00000
__Lbank27                bank27       00000
__Lbank28                bank28       00000
__Lbank29                bank29       00000
__Lbank3                 bank3        00000
__Lbank30                bank30       00000
__Lbank31                bank31       00000
__Lbank4                 bank4        00000
__Lbank5                 bank5        00000
__Lbank6                 bank6        00000
__Lbank7                 bank7        00000
__Lbank8                 bank8        00000
__Lbank9                 bank9        00000
__Lbigram                bigram       00000
__LbssBANK0              bssBANK0     00000
__Lcinit                 cinit        007ED
__Lclrtext               clrtext      00000
__Lcode                  code         00000
__Lcommon                common       00000
__Lconfig                config       08007
__LcstackBANK0           cstackBANK0  00000
__LcstackCOMMON          cstackCOMMON 00000
__LdataBANK0             dataBANK0    00000
__Leeprom_data           eeprom_data  00000
__Lend_init              end_init     00002
__Lfunctab               functab      00000
__LidataBANK0            idataBANK0   00000
__Lidloc                 idloc        00000
__Linit                  init         00002
__Lintentry              intentry     00002
__Lmaintext              maintext     00000
__LnvBANK0               nvBANK0      00000
__Lpowerup               powerup      00000
__Lram                   ram          00000
__Lreset_vec             reset_vec    00000
__Lsfr0                  sfr0         00000
__Lsfr1                  sfr1         00000
__Lsfr10                 sfr10        00000
__Lsfr11                 sfr11        00000
__Lsfr12                 sfr12        00000
__Lsfr13                 sfr13        00000
__Lsfr14                 sfr14        00000
__Lsfr15                 sfr15        00000
__Lsfr16                 sfr16        00000
__Lsfr17                 sfr17        00000
__Lsfr18                 sfr18        00000
__Lsfr19                 sfr19        00000
__Lsfr2                  sfr2         00000
__Lsfr20                 sfr20        00000
__Lsfr21                 sfr21        00000
__Lsfr22                 sfr22        00000
__Lsfr23                 sfr23        00000
__Lsfr24                 sfr24        00000
__Lsfr25                 sfr25        00000
__Lsfr26                 sfr26        00000
__Lsfr27                 sfr27        00000
__Lsfr28                 sfr28        00000
__Lsfr29                 sfr29        00000
__Lsfr3                  sfr3         00000
__Lsfr30                 sfr30        00000
__Lsfr31                 sfr31        00000
__Lsfr4                  sfr4         00000
__Lsfr5                  sfr5         00000
__Lsfr6                  sfr6         00000
__Lsfr7                  sfr7         00000
__Lsfr8                  sfr8         00000
__Lsfr9                  sfr9         00000
__Lspace_0               (abs)        00000
__Lspace_1               (abs)        00000
__Lspace_2               (abs)        00000
__Lspace_3               (abs)        00000
__Lstack                 stack        00000
__Lstrings               strings      00000
__Ltext                  text         00000
__S0                     (abs)        08008
__S1                     (abs)        0007D
__S2                     (abs)        00000
__S3                     (abs)        00000
___int_sp                stack        00000
___latbits               (abs)        00001
___sp                    stack        00000
__end_of__initialization cinit        007FC
__end_of_adcSample       text7        00597
__end_of_goPat           text2        00608
__end_of_init            text5        005A9
__end_of_initAnalog      text4        005D2
__end_of_main            maintext     007ED
__end_of_set4mhz         text6        00580
__end_of_ulozData        text3        00648
__end_of_zobrazLed       text1        006D1
__initialization         cinit        007ED
__pbssBANK0              bssBANK0     00020
__pcstackBANK0           cstackBANK0  00047
__pcstackCOMMON          cstackCOMMON 00070
__pdataBANK0             dataBANK0    0004C
__pidataBANK0            idataBANK0   0057A
__pmaintext              maintext     006D1
__pnvBANK0               nvBANK0      0004A
__ptext1                 text1        00648
__ptext2                 text2        005D2
__ptext3                 text3        00608
__ptext4                 text4        005A9
__ptext5                 text5        00597
__ptext6                 text6        0057C
__ptext7                 text7        00586
__size_of_adcSample      (abs)        00000
__size_of_goPat          (abs)        00000
__size_of_init           (abs)        00000
__size_of_initAnalog     (abs)        00000
__size_of_main           (abs)        00000
__size_of_set4mhz        (abs)        00000
__size_of_ulozData       (abs)        00000
__size_of_zobrazLed      (abs)        00000
_adcSample               text7        00586
_adr                     dataBANK0    0004C
_goPat                   text2        005D2
_i                       bssBANK0     00035
_init                    text5        00597
_initAnalog              text4        005A9
_main                    maintext     006D1
_rem                     bssBANK0     00037
_retnum                  bssBANK0     00020
_sGPIO                   bssBANK0     00039
_set4mhz                 text6        0057C
_temp_num                bssBANK0     0003B
_ulozData                text3        00608
_val1                    bssBANK0     0003D
_val2                    bssBANK0     0003F
_valADc                  nvBANK0      0004A
_valADc16                bssBANK0     00041
_vypnuto                 bssBANK0     00043
_zobrazLed               text1        00648
btemp                    (abs)        0007E
clear_ram0               clrtext      00580
end_of_initialization    cinit        007FC
goPat@byte8              cstackCOMMON 00070
goPat@i                  cstackCOMMON 00076
initAnalog@ch            cstackCOMMON 00070
intlevel0                functab      00000
intlevel1                functab      00000
intlevel2                functab      00000
intlevel3                functab      00000
intlevel4                functab      00000
intlevel5                functab      00000
ltemp                    (abs)        0007E
ltemp0                   (abs)        0007E
ltemp1                   (abs)        00082
ltemp2                   (abs)        00086
ltemp3                   (abs)        00080
pic14e$flags             (abs)        0007E
reset_vec                reset_vec    00000
stackhi                  (abs)        020EF
stacklo                  (abs)        0202E
start                    init         00002
start_initialization     cinit        007ED
ttemp                    (abs)        0007E
ttemp0                   (abs)        0007E
ttemp1                   (abs)        00081
ttemp2                   (abs)        00084
ttemp3                   (abs)        00087
ttemp4                   (abs)        0007F
uart_dump@i              bssBANK0     00045
ulozData@value           cstackCOMMON 00070
wtemp                    (abs)        0007E
wtemp0                   (abs)        0007E
wtemp1                   (abs)        00080
wtemp2                   (abs)        00082
wtemp3                   (abs)        00084
wtemp4                   (abs)        00086
wtemp5                   (abs)        00088
wtemp6                   (abs)        0007F
zobrazLed@pat16          cstackCOMMON 0007B
zobrazLed@pom            cstackCOMMON 00078


FUNCTION INFORMATION:

 *************** function _main *****************
 Defined at:
		line 65 in file "1840-c-lion.c"
 Parameters:    Size  Location     Type
		None
 Auto vars:     Size  Location     Type
		None
 Return value:  Size  Location     Type
		None               void
 Registers used:
		wreg, fsr0l, fsr0h, status,2, status,0, pclath, cstack
 Tracked objects:
		On entry : 
		On exit  : 
		Unchanged: 
 Data sizes:     COMMON   BANK0   BANK1   BANK2
      Params:         0       0       0       0
      Locals:         0       0       0       0
      Temps:          0       3       0       0
      Totals:         0       3       0       0
Total ram usage:        3 bytes
 Hardware stack levels required when called:    2
 This function calls:
		_adcSample
		_init
		_initAnalog
		_ulozData
		_zobrazLed
 This function is called by:
		Startup code after reset
 This function uses a non-reentrant model


 *************** function _zobrazLed *****************
 Defined at:
		line 229 in file "1840-c-lion.c"
 Parameters:    Size  Location     Type
  pom             2    8[COMMON] int 
 Auto vars:     Size  Location     Type
  pat16           2   11[COMMON] int 
 Return value:  Size  Location     Type
		None               void
 Registers used:
		wreg, status,2, status,0, pclath, cstack
 Tracked objects:
		On entry : 
		On exit  : 
		Unchanged: 
 Data sizes:     COMMON   BANK0   BANK1   BANK2
      Params:         2       0       0       0
      Locals:         2       0       0       0
      Temps:          1       0       0       0
      Totals:         5       0       0       0
Total ram usage:        5 bytes
 Hardware stack levels used:    1
 Hardware stack levels required when called:    1
 This function calls:
		_goPat
 This function is called by:
		_main
 This function uses a non-reentrant model


 *************** function _goPat *****************
 Defined at:
		line 196 in file "1840-c-lion.c"
 Parameters:    Size  Location     Type
  byte8           2    0[COMMON] int 
 Auto vars:     Size  Location     Type
  i               2    6[COMMON] int 
 Return value:  Size  Location     Type
		None               void
 Registers used:
		wreg, status,2, status,0
 Tracked objects:
		On entry : 
		On exit  : 
		Unchanged: 
 Data sizes:     COMMON   BANK0   BANK1   BANK2
      Params:         2       0       0       0
      Locals:         2       0       0       0
      Temps:          4       0       0       0
      Totals:         8       0       0       0
Total ram usage:        8 bytes
 Hardware stack levels used:    1
 This function calls:
		Nothing
 This function is called by:
		_zobrazLed
 This function uses a non-reentrant model


 *************** function _ulozData *****************
 Defined at:
		line 185 in file "1840-c-lion.c"
 Parameters:    Size  Location     Type
  value           2    0[COMMON] int 
 Auto vars:     Size  Location     Type
		None
 Return value:  Size  Location     Type
		None               void
 Registers used:
		wreg, status,2, status,0
 Tracked objects:
		On entry : 
		On exit  : 
		Unchanged: 
 Data sizes:     COMMON   BANK0   BANK1   BANK2
      Params:         2       0       0       0
      Locals:         0       0       0       0
      Temps:          2       0       0       0
      Totals:         4       0       0       0
Total ram usage:        4 bytes
 Hardware stack levels used:    1
 This function calls:
		Nothing
 This function is called by:
		_main
 This function uses a non-reentrant model


 *************** function _initAnalog *****************
 Defined at:
		line 459 in file "mojeFce1840-02.h"
 Parameters:    Size  Location     Type
  ch              2    0[COMMON] int 
 Auto vars:     Size  Location     Type
		None
 Return value:  Size  Location     Type
		None               void
 Registers used:
		wreg, fsr0l, fsr0h, status,2, status,0
 Tracked objects:
		On entry : 
		On exit  : 
		Unchanged: 
 Data sizes:     COMMON   BANK0   BANK1   BANK2
      Params:         2       0       0       0
      Locals:         0       0       0       0
      Temps:          0       0       0       0
      Totals:         2       0       0       0
Total ram usage:        2 bytes
 Hardware stack levels used:    1
 This function calls:
		Nothing
 This function is called by:
		_main
 This function uses a non-reentrant model


 *************** function _init *****************
 Defined at:
		line 160 in file "1840-c-lion.c"
 Parameters:    Size  Location     Type
		None
 Auto vars:     Size  Location     Type
		None
 Return value:  Size  Location     Type
		None               void
 Registers used:
		wreg, status,2, status,0, pclath, cstack
 Tracked objects:
		On entry : 
		On exit  : 
		Unchanged: 
 Data sizes:     COMMON   BANK0   BANK1   BANK2
      Params:         0       0       0       0
      Locals:         0       0       0       0
      Temps:          0       0       0       0
      Totals:         0       0       0       0
Total ram usage:        0 bytes
 Hardware stack levels used:    1
 Hardware stack levels required when called:    1
 This function calls:
		_set4mhz
 This function is called by:
		_main
 This function uses a non-reentrant model


 *************** function _set4mhz *****************
 Defined at:
		line 23 in file "mojeFce1840-02.h"
 Parameters:    Size  Location     Type
		None
 Auto vars:     Size  Location     Type
		None
 Return value:  Size  Location     Type
		None               void
 Registers used:
		wreg
 Tracked objects:
		On entry : 
		On exit  : 
		Unchanged: 
 Data sizes:     COMMON   BANK0   BANK1   BANK2
      Params:         0       0       0       0
      Locals:         0       0       0       0
      Temps:          0       0       0       0
      Totals:         0       0       0       0
Total ram usage:        0 bytes
 Hardware stack levels used:    1
 This function calls:
		Nothing
 This function is called by:
		_init
 This function uses a non-reentrant model


 *************** function _adcSample *****************
 Defined at:
		line 209 in file "1840-c-lion.c"
 Parameters:    Size  Location     Type
		None
 Auto vars:     Size  Location     Type
		None
 Return value:  Size  Location     Type
                  2   46[COMMON] int 
 Registers used:
		wreg, status,2
 Tracked objects:
		On entry : 
		On exit  : 
		Unchanged: 
 Data sizes:     COMMON   BANK0   BANK1   BANK2
      Params:         0       0       0       0
      Locals:         0       0       0       0
      Temps:          2       0       0       0
      Totals:         2       0       0       0
Total ram usage:        2 bytes
 Hardware stack levels used:    1
 This function calls:
		Nothing
 This function is called by:
		_main
 This function uses a non-reentrant model



MODULE INFORMATION

Module		Function		Class		Link	Load	Size
1840-c-lion.c
		_init          		CODE           	0597	0000	18
		_goPat         		CODE           	05D2	0000	54
		_main          		CODE           	06D1	0000	284
		_zobrazLed     		CODE           	0648	0000	137
		_ulozData      		CODE           	0608	0000	64
		_adcSample     		CODE           	0586	0000	17

1840-c-lion.c estimated size: 574

shared
		__initializatio		CODE           	07ED	0000	15

shared estimated size: 15

mojeFce1840-02.h
		_set4mhz       		CODE           	057C	0000	4
		_initAnalog    		CODE           	05A9	0000	41

mojeFce1840-02.h estimated size: 45

