Microchip MPLAB XC8 Compiler V1.30 ()

Linker command line:

--edf=C:\Program Files\Microchip\xc8\v1.30\dat\en_msgs.txt -cs \
  -h+dist/default/production\1840-c-tmr0.X.production.sym \
  --cmf=dist/default/production\1840-c-tmr0.X.production.cmf -z -Q12F1840 \
  -oC:\DOCUME~1\UIVATE~1.ASU\LOCALS~1\Temp\shq8.6 \
  -Mdist/default/production/1840-c-tmr0.X.production.map -E1 -ver=XC8 \
  -ASTACK=02081h-020efh -pstack=STACK -ACONST=00h-0FFhx16 \
  -ACODE=00h-07FFhx2 -ASTRCODE=00h-0FFFh -AENTRY=00h-0FFhx16 \
  -ASTRING=00h-0FFhx16 -ACOMMON=070h-07Fh -ABANK0=020h-06Fh \
  -ABANK1=0A0h-0EFh -ABANK2=0120h-016Fh -ABIGRAM=02000h-020EFh \
  -ARAM=020h-06Fh,0A0h-0EFh,0120h-016Fh \
  -AABS1=020h-07Fh,0A0h-0EFh,0120h-016Fh -ASFR0=00h-01Fh -ASFR1=080h-09Fh \
  -ASFR2=0100h-011Fh -ASFR3=0180h-01EFh -ASFR4=0200h-026Fh \
  -ASFR5=0280h-02EFh -ASFR6=0300h-036Fh -ASFR7=0380h-03EFh \
  -ASFR8=0400h-046Fh -ASFR9=0480h-04EFh -ASFR10=0500h-056Fh \
  -ASFR11=0580h-05EFh -ASFR12=0600h-066Fh -ASFR13=0680h-06EFh \
  -ASFR14=0700h-076Fh -ASFR15=0780h-07EFh -ASFR16=0800h-086Fh \
  -ASFR17=0880h-08EFh -ASFR18=0900h-096Fh -ASFR19=0980h-09EFh \
  -ASFR20=0A00h-0A6Fh -ASFR21=0A80h-0AEFh -ASFR22=0B00h-0B6Fh \
  -ASFR23=0B80h-0BEFh -ASFR24=0C00h-0C6Fh -ASFR25=0C80h-0CEFh \
  -ASFR26=0D00h-0D6Fh -ASFR27=0D80h-0DEFh -ASFR28=0E00h-0E6Fh \
  -ASFR29=0E80h-0EEFh -ASFR30=0F00h-0F6Fh -ASFR31=0F80h-0FEFh \
  -preset_vec=00h,intentry=04h,init,end_init -ppowerup=CODE -pcinit=CODE \
  -pfunctab=CODE -ACONFIG=08007h-08008h -pconfig=CONFIG -DCONFIG=2 \
  -AIDLOC=08000h-08003h -pidloc=IDLOC -DIDLOC=2 -AEEDATA=00h-0FFh/0F000h \
  -peeprom_data=EEDATA -DEEDATA=2 -DCODE=2 -DSTRCODE=2 -DSTRING=2 -DCONST=2 \
  -DENTRY=2 -k C:\DOCUME~1\UIVATE~1.ASU\LOCALS~1\Temp\shq8.obj \
  dist/default/production\1840-c-tmr0.X.production.obj 

Object code version is 3.11

Machine type is 12F1840



                Name                               Link     Load   Length Selector   Space Scale
C:\DOCUME~1\UIVATE~1.ASU\LOCALS~1\Temp\shq8.obj
                end_init                             21       21        2        8       0
                reset_vec                             0        0        2        0       0
                config                             8007     8007        1    1000E       0
dist/default/production\1840-c-tmr0.X.production.obj
                cinit                                23       23       22        8       0
                intentry                              4        4       1D        8       0
                text26                              6C6      6C6       11        8       0
                text25                              586      586       3A        8       0
                text24                              4CF      4CF       40        8       0
                text23                              5C0      5C0       39        8       0
                text22                              50F      50F       3C        8       0
                text21                              43A      43A       55        8       0
                text20                              658      658       20        8       0
                text19                              6DF      6DF        7        8       0
                text18                              6F8      6F8        5        8       0
                text17                              301      301       8C        8       0
                text16                              3E5      3E5       55        8       0
                text15                              25B      25B       A6        8       0
                text13                              630      630       28        8       0
                text12                              54B      54B       3B        8       0
                text11                              5F9      5F9       37        8       0
                text10                              701      701        4        8       0
                text9                               48F      48F       40        8       0
                text8                               6B5      6B5       11        8       0
                text7                               6F2      6F2        6        8       0
                text6                               38D      38D       58        8       0
                text5                               697      697       1E        8       0
                text4                               6D7      6D7        8        8       0
                text3                               6EC      6EC        6        8       0
                text2                               1B4      1B4       A7        8       0
                text1                                45       45      16F        8       0
                maintext                            678      678       1F        8       0
                cstackBANK0                          20       20       1F       20       1
                cstackCOMMON                         70       70        D       70       1
                cstackBANK1                          A0       A0       1A       A0       1
                clrtext                             6E6      6E6        6        8       0
                bssBANK1                             BA       BA       17       A0       1
                dataBANK0                            53       53        4       20       1
                bssBANK0                             3F       3F       14       20       1
                idataBANK0                          6FD      6FD        4        8       0

TOTAL           Name                               Link     Load   Length     Space
        CLASS   STACK          

        CLASS   CONST          

        CLASS   CODE           
                end_init                             21       21        2         0
                cinit                                23       23       22         0
                intentry                              4        4       1D         0
                reset_vec                             0        0        2         0
                text26                              6C6      6C6       11         0
                text25                              586      586       3A         0
                text24                              4CF      4CF       40         0
                text23                              5C0      5C0       39         0
                text22                              50F      50F       3C         0
                text21                              43A      43A       55         0
                text20                              658      658       20         0
                text19                              6DF      6DF        7         0
                text18                              6F8      6F8        5         0
                text17                              301      301       8C         0
                text16                              3E5      3E5       55         0
                text15                              25B      25B       A6         0
                text13                              630      630       28         0
                text12                              54B      54B       3B         0
                text11                              5F9      5F9       37         0
                text10                              701      701        4         0
                text9                               48F      48F       40         0
                text8                               6B5      6B5       11         0
                text7                               6F2      6F2        6         0
                text6                               38D      38D       58         0
                text5                               697      697       1E         0
                text4                               6D7      6D7        8         0
                text3                               6EC      6EC        6         0
                text2                               1B4      1B4       A7         0
                text1                                45       45      16F         0
                maintext                            678      678       1F         0
                clrtext                             6E6      6E6        6         0
                idataBANK0                          6FD      6FD        4         0

        CLASS   STRCODE        

        CLASS   ENTRY          

        CLASS   STRING         

        CLASS   COMMON         
                cstackCOMMON                         70       70        D         1

        CLASS   BANK0          
                cstackBANK0                          20       20       1F         1
                dataBANK0                            53       53        4         1
                bssBANK0                             3F       3F       14         1

        CLASS   BANK1          
                cstackBANK1                          A0       A0       1A         1
                bssBANK1                             BA       BA       17         1

        CLASS   BANK2          

        CLASS   BIGRAM         

        CLASS   RAM            

        CLASS   ABS1           
                abs_s1                               7E       7E        2         1

        CLASS   SFR0           

        CLASS   SFR1           

        CLASS   SFR2           

        CLASS   SFR3           

        CLASS   SFR4           

        CLASS   SFR5           

        CLASS   SFR6           

        CLASS   SFR7           

        CLASS   SFR8           

        CLASS   SFR9           

        CLASS   SFR10          

        CLASS   SFR11          

        CLASS   SFR12          

        CLASS   SFR13          

        CLASS   SFR14          

        CLASS   SFR15          

        CLASS   SFR16          

        CLASS   SFR17          

        CLASS   SFR18          

        CLASS   SFR19          

        CLASS   SFR20          

        CLASS   SFR21          

        CLASS   SFR22          

        CLASS   SFR23          

        CLASS   SFR24          

        CLASS   SFR25          

        CLASS   SFR26          

        CLASS   SFR27          

        CLASS   SFR28          

        CLASS   SFR29          

        CLASS   SFR30          

        CLASS   SFR31          

        CLASS   CONFIG         
                config                             8007     8007        1         0

        CLASS   IDLOC          

        CLASS   EEDATA         

        CLASS   BANK31         

        CLASS   BANK30         

        CLASS   BANK29         

        CLASS   BANK28         

        CLASS   BANK27         

        CLASS   BANK26         

        CLASS   BANK25         

        CLASS   BANK24         

        CLASS   BANK23         

        CLASS   BANK22         

        CLASS   BANK21         

        CLASS   BANK20         

        CLASS   BANK19         

        CLASS   BANK18         

        CLASS   BANK17         

        CLASS   BANK16         

        CLASS   BANK15         

        CLASS   BANK14         

        CLASS   BANK13         

        CLASS   BANK12         

        CLASS   BANK11         

        CLASS   BANK10         

        CLASS   BANK9          

        CLASS   BANK8          

        CLASS   BANK7          

        CLASS   BANK6          

        CLASS   BANK5          

        CLASS   BANK4          

        CLASS   BANK3          



SEGMENTS        Name                           Load    Length   Top    Selector   Space  Class     Delta

                reset_vec                      000000  000002  000002         0       0  CODE        2
                intentry                       000004  000701  000705         8       0  CODE        2
                cstackBANK0                    000020  000037  000057        20       1  BANK0       1
                cstackCOMMON                   000070  00000D  00007D        70       1  COMMON      1
                cstackBANK1                    0000A0  000031  0000D1        A0       1  BANK1       1
                config                         008007  000001  008008     1000E       0  CONFIG      2


UNUSED ADDRESS RANGES

        Name                Unused          Largest block    Delta
        BANK0            00057-0006F              19           1
        BANK1            000D1-000EF              1F           1
        BANK2            00120-0016F              50           1
        BIGRAM           02000-020EF              F0           1
        CODE             00002-00003               2           2
                         00705-00FFF              FB
        COMMON           0007D-0007D               1           1
        CONFIG           08008-08008               1           2
        CONST            00002-00003               2           2
                         00705-00FFF             100
        EEDATA           0F000-0F0FF             100           2
        ENTRY            00002-00003               2           2
                         00705-00FFF             100
        IDLOC            08000-08003               4           2
        RAM              00057-0006F              19           1
                         000D1-000EF              1F
                         00120-0016F              50
        SFR0             00000-0001F              20           1
        SFR1             00080-0009F              20           1
        SFR10            00500-0056F              70           1
        SFR11            00580-005EF              70           1
        SFR12            00600-0066F              70           1
        SFR13            00680-006EF              70           1
        SFR14            00700-0076F              70           1
        SFR15            00780-007EF              70           1
        SFR16            00800-0086F              70           1
        SFR17            00880-008EF              70           1
        SFR18            00900-0096F              70           1
        SFR19            00980-009EF              70           1
        SFR2             00100-0011F              20           1
        SFR20            00A00-00A6F              70           1
        SFR21            00A80-00AEF              70           1
        SFR22            00B00-00B6F              70           1
        SFR23            00B80-00BEF              70           1
        SFR24            00C00-00C6F              70           1
        SFR25            00C80-00CEF              70           1
        SFR26            00D00-00D6F              70           1
        SFR27            00D80-00DEF              70           1
        SFR28            00E00-00E6F              70           1
        SFR29            00E80-00EEF              70           1
        SFR3             00180-001EF              70           1
        SFR30            00F00-00F6F              70           1
        SFR31            00F80-00FEF              70           1
        SFR4             00200-0026F              70           1
        SFR5             00280-002EF              70           1
        SFR6             00300-0036F              70           1
        SFR7             00380-003EF              70           1
        SFR8             00400-0046F              70           1
        SFR9             00480-004EF              70           1
        STACK            02081-020EF              6F           1
        STRCODE          00002-00003               2           2
                         00705-00FFF             8FB
        STRING           00002-00003               2           2
                         00705-00FFF             100

                                  Symbol Table

?___awdiv                cstackBANK1  000A0
?___wmul                 cstackBANK0  00038
?_buttonpressed          cstackBANK0  00038
?i1___awdiv              cstackCOMMON 00076
?i1___wmul               cstackCOMMON 00070
_ADCON0                  (abs)        0009D
_ADCON0bits              (abs)        0009D
_ADCON1                  (abs)        0009E
_ADCON1bits              (abs)        0009E
_ADRESH                  (abs)        0009C
_ANSELA                  (abs)        0018C
_APFCONbits              (abs)        0011D
_BAUDCONbits             (abs)        0019F
_CARRY                   (abs)        00018
_CM1CON0                 (abs)        00111
_CPSCON0                 (abs)        0001E
_EEADR                   (abs)        00191
_EECON1                  (abs)        00195
_EECON2                  (abs)        00196
_EEDATA                  (abs)        00193
_FVRCONbits              (abs)        00117
_FVRRDY                  (abs)        008BE
_GIE                     (abs)        0005F
_INTCONbits              (abs)        0000B
_OPTION_REGbits          (abs)        00095
_OSCCON                  (abs)        00099
_OSCCONbits              (abs)        00099
_PORTA                   (abs)        0000C
_RCIF                    (abs)        0008D
_RCREG                   (abs)        00199
_RCSTAbits               (abs)        0019D
_RD                      (abs)        00CA8
_SPBRG                   (abs)        0019B
_SPBRGH                  (abs)        0019C
_TMR0                    (abs)        00015
_TRISA                   (abs)        0008C
_TXREG                   (abs)        0019A
_TXSTAbits               (abs)        0019E
_WR                      (abs)        00CA9
_WREN                    (abs)        00CAA
__CFG_BOREN$OFF          (abs)        00000
__CFG_CLKOUTEN$OFF       (abs)        00000
__CFG_CP$OFF             (abs)        00000
__CFG_CPD$OFF            (abs)        00000
__CFG_FCMEN$OFF          (abs)        00000
__CFG_FOSC$INTOSC        (abs)        00000
__CFG_IESO$OFF           (abs)        00000
__CFG_MCLRE$OFF          (abs)        00000
__CFG_PWRTE$OFF          (abs)        00000
__CFG_WDTE$OFF           (abs)        00000
__Habs1                  abs1         00000
__Hbank0                 bank0        00000
__Hbank1                 bank1        00000
__Hbank10                bank10       00000
__Hbank11                bank11       00000
__Hbank12                bank12       00000
__Hbank13                bank13       00000
__Hbank14                bank14       00000
__Hbank15                bank15       00000
__Hbank16                bank16       00000
__Hbank17                bank17       00000
__Hbank18                bank18       00000
__Hbank19                bank19       00000
__Hbank2                 bank2        00000
__Hbank20                bank20       00000
__Hbank21                bank21       00000
__Hbank22                bank22       00000
__Hbank23                bank23       00000
__Hbank24                bank24       00000
__Hbank25                bank25       00000
__Hbank26                bank26       00000
__Hbank27                bank27       00000
__Hbank28                bank28       00000
__Hbank29                bank29       00000
__Hbank3                 bank3        00000
__Hbank30                bank30       00000
__Hbank31                bank31       00000
__Hbank4                 bank4        00000
__Hbank5                 bank5        00000
__Hbank6                 bank6        00000
__Hbank7                 bank7        00000
__Hbank8                 bank8        00000
__Hbank9                 bank9        00000
__Hbigram                bigram       00000
__HbssBANK0              bssBANK0     00000
__HbssBANK1              bssBANK1     00000
__Hcinit                 cinit        00045
__Hclrtext               clrtext      00000
__Hcode                  code         00000
__Hcommon                common       00000
__Hconfig                config       08008
__HcstackBANK0           cstackBANK0  00000
__HcstackBANK1           cstackBANK1  00000
__HcstackCOMMON          cstackCOMMON 00000
__HdataBANK0             dataBANK0    00000
__Heeprom_data           eeprom_data  00000
__Hend_init              end_init     00023
__Hfunctab               functab      00000
__HidataBANK0            idataBANK0   00000
__Hidloc                 idloc        00000
__Hinit                  init         00021
__Hintentry              intentry     00021
__Hmaintext              maintext     00000
__Hpowerup               powerup      00000
__Hram                   ram          00000
__Hreset_vec             reset_vec    00002
__Hsfr0                  sfr0         00000
__Hsfr1                  sfr1         00000
__Hsfr10                 sfr10        00000
__Hsfr11                 sfr11        00000
__Hsfr12                 sfr12        00000
__Hsfr13                 sfr13        00000
__Hsfr14                 sfr14        00000
__Hsfr15                 sfr15        00000
__Hsfr16                 sfr16        00000
__Hsfr17                 sfr17        00000
__Hsfr18                 sfr18        00000
__Hsfr19                 sfr19        00000
__Hsfr2                  sfr2         00000
__Hsfr20                 sfr20        00000
__Hsfr21                 sfr21        00000
__Hsfr22                 sfr22        00000
__Hsfr23                 sfr23        00000
__Hsfr24                 sfr24        00000
__Hsfr25                 sfr25        00000
__Hsfr26                 sfr26        00000
__Hsfr27                 sfr27        00000
__Hsfr28                 sfr28        00000
__Hsfr29                 sfr29        00000
__Hsfr3                  sfr3         00000
__Hsfr30                 sfr30        00000
__Hsfr31                 sfr31        00000
__Hsfr4                  sfr4         00000
__Hsfr5                  sfr5         00000
__Hsfr6                  sfr6         00000
__Hsfr7                  sfr7         00000
__Hsfr8                  sfr8         00000
__Hsfr9                  sfr9         00000
__Hstack                 stack        00000
__Hstrings               strings      00000
__Htext                  text         00000
__Labs1                  abs1         00000
__Lbank0                 bank0        00000
__Lbank1                 bank1        00000
__Lbank10                bank10       00000
__Lbank11                bank11       00000
__Lbank12                bank12       00000
__Lbank13                bank13       00000
__Lbank14                bank14       00000
__Lbank15                bank15       00000
__Lbank16                bank16       00000
__Lbank17                bank17       00000
__Lbank18                bank18       00000
__Lbank19                bank19       00000
__Lbank2                 bank2        00000
__Lbank20                bank20       00000
__Lbank21                bank21       00000
__Lbank22                bank22       00000
__Lbank23                bank23       00000
__Lbank24                bank24       00000
__Lbank25                bank25       00000
__Lbank26                bank26       00000
__Lbank27                bank27       00000
__Lbank28                bank28       00000
__Lbank29                bank29       00000
__Lbank3                 bank3        00000
__Lbank30                bank30       00000
__Lbank31                bank31       00000
__Lbank4                 bank4        00000
__Lbank5                 bank5        00000
__Lbank6                 bank6        00000
__Lbank7                 bank7        00000
__Lbank8                 bank8        00000
__Lbank9                 bank9        00000
__Lbigram                bigram       00000
__LbssBANK0              bssBANK0     00000
__LbssBANK1              bssBANK1     00000
__Lcinit                 cinit        00023
__Lclrtext               clrtext      00000
__Lcode                  code         00000
__Lcommon                common       00000
__Lconfig                config       08007
__LcstackBANK0           cstackBANK0  00000
__LcstackBANK1           cstackBANK1  00000
__LcstackCOMMON          cstackCOMMON 00000
__LdataBANK0             dataBANK0    00000
__Leeprom_data           eeprom_data  00000
__Lend_init              end_init     00021
__Lfunctab               functab      00000
__LidataBANK0            idataBANK0   00000
__Lidloc                 idloc        00000
__Linit                  init         00021
__Lintentry              intentry     00004
__Lmaintext              maintext     00000
__Lpowerup               powerup      00000
__Lram                   ram          00000
__Lreset_vec             reset_vec    00000
__Lsfr0                  sfr0         00000
__Lsfr1                  sfr1         00000
__Lsfr10                 sfr10        00000
__Lsfr11                 sfr11        00000
__Lsfr12                 sfr12        00000
__Lsfr13                 sfr13        00000
__Lsfr14                 sfr14        00000
__Lsfr15                 sfr15        00000
__Lsfr16                 sfr16        00000
__Lsfr17                 sfr17        00000
__Lsfr18                 sfr18        00000
__Lsfr19                 sfr19        00000
__Lsfr2                  sfr2         00000
__Lsfr20                 sfr20        00000
__Lsfr21                 sfr21        00000
__Lsfr22                 sfr22        00000
__Lsfr23                 sfr23        00000
__Lsfr24                 sfr24        00000
__Lsfr25                 sfr25        00000
__Lsfr26                 sfr26        00000
__Lsfr27                 sfr27        00000
__Lsfr28                 sfr28        00000
__Lsfr29                 sfr29        00000
__Lsfr3                  sfr3         00000
__Lsfr30                 sfr30        00000
__Lsfr31                 sfr31        00000
__Lsfr4                  sfr4         00000
__Lsfr5                  sfr5         00000
__Lsfr6                  sfr6         00000
__Lsfr7                  sfr7         00000
__Lsfr8                  sfr8         00000
__Lsfr9                  sfr9         00000
__Lstack                 stack        00000
__Lstrings               strings      00000
__Ltext                  text         00000
__S0                     (abs)        08008
__S1                     (abs)        000D1
__S2                     (abs)        00000
__S3                     (abs)        00000
___awdiv                 text6        0038D
___awdiv@counter         cstackBANK1  000A4
___awdiv@dividend        cstackBANK1  000A2
___awdiv@divisor         cstackBANK1  000A0
___awdiv@quotient        cstackBANK1  000A6
___awdiv@sign            cstackBANK1  000A5
___int_sp                stack        00000
___latbits               (abs)        00001
___sp                    stack        00000
___wmul                  text5        00697
___wmul@multiplicand     cstackBANK0  0003A
___wmul@multiplier       cstackBANK0  00038
___wmul@product          cstackBANK0  0003C
__end_of___awdiv         text6        003E5
__end_of___wmul          text5        006B5
__end_of__initialization cinit        00042
__end_of_adcSample       text26       006D7
__end_of_beep            text12       00586
__end_of_beep2           text11       00630
__end_of_buttonpressed   text13       00658
__end_of_init            text9        004CF
__end_of_initAnalog      text25       005C0
__end_of_isr             intentry     00021
__end_of_kazdouMinutu    text22       0054B
__end_of_kazdouVterinu   text15       00301
__end_of_main            maintext     00697
__end_of_posliData       text16       0043A
__end_of_set4mhz         text10       00705
__end_of_uart_1numb      text3        006F2
__end_of_uart_3numb      text2        0025B
__end_of_uart_char       text4        006DF
__end_of_uart_init       text8        006C6
__end_of_uart_init600    text7        006F8
__end_of_ulozData        text24       0050F
__end_of_vypisEEprom     text1        001B4
__end_ofi1___awdiv       text21       0048F
__end_ofi1___wmul        text20       00678
__end_ofi1_beep          text23       005F9
__end_ofi1_uart_1numb    text18       006FD
__end_ofi1_uart_3numb    text17       0038D
__end_ofi1_uart_char     text19       006E6
__initialization         cinit        00023
__pbssBANK0              bssBANK0     0003F
__pbssBANK1              bssBANK1     000BA
__pcstackBANK0           cstackBANK0  00020
__pcstackBANK1           cstackBANK1  000A0
__pcstackCOMMON          cstackCOMMON 00070
__pdataBANK0             dataBANK0    00053
__pidataBANK0            idataBANK0   006FD
__pintentry              intentry     00004
__pmaintext              maintext     00678
__ptext1                 text1        00045
__ptext10                text10       00701
__ptext11                text11       005F9
__ptext12                text12       0054B
__ptext13                text13       00630
__ptext15                text15       0025B
__ptext16                text16       003E5
__ptext17                text17       00301
__ptext18                text18       006F8
__ptext19                text19       006DF
__ptext2                 text2        001B4
__ptext20                text20       00658
__ptext21                text21       0043A
__ptext22                text22       0050F
__ptext23                text23       005C0
__ptext24                text24       004CF
__ptext25                text25       00586
__ptext26                text26       006C6
__ptext3                 text3        006EC
__ptext4                 text4        006D7
__ptext5                 text5        00697
__ptext6                 text6        0038D
__ptext7                 text7        006F2
__ptext8                 text8        006B5
__ptext9                 text9        0048F
__size_of___awdiv        (abs)        00000
__size_of___wmul         (abs)        00000
__size_of_adcSample      (abs)        00000
__size_of_beep           (abs)        00000
__size_of_beep2          (abs)        00000
__size_of_buttonpressed  (abs)        00000
__size_of_init           (abs)        00000
__size_of_initAnalog     (abs)        00000
__size_of_isr            (abs)        00000
__size_of_kazdouMinutu   (abs)        00000
__size_of_kazdouVterinu  (abs)        00000
__size_of_main           (abs)        00000
__size_of_posliData      (abs)        00000
__size_of_set4mhz        (abs)        00000
__size_of_uart_1numb     (abs)        00000
__size_of_uart_3numb     (abs)        00000
__size_of_uart_char      (abs)        00000
__size_of_uart_init      (abs)        00000
__size_of_uart_init600   (abs)        00000
__size_of_ulozData       (abs)        00000
__size_of_vypisEEprom    (abs)        00000
__size_ofi1___awdiv      (abs)        00000
__size_ofi1___wmul       (abs)        00000
__size_ofi1_beep         (abs)        00000
__size_ofi1_uart_1numb   (abs)        00000
__size_ofi1_uart_3numb   (abs)        00000
__size_ofi1_uart_char    (abs)        00000
_adcSample               text26       006C6
_adr                     bssBANK0     0003F
_beep                    text12       0054B
_beep2                   text11       005F9
_buttonpressed           text13       00630
_i                       bssBANK0     00041
_init                    text9        0048F
_initAnalog              text25       00586
_isr                     intentry     00004
_kazdouMinutu            text22       0050F
_kazdouVterinu           text15       0025B
_main                    maintext     00678
_max1                    bssBANK0     00043
_max2                    bssBANK0     00045
_min1                    dataBANK0    00053
_min2                    dataBANK0    00055
_posliData               text16       003E5
_rem                     bssBANK0     00047
_retnum                  bssBANK1     000BA
_sec                     bssBANK0     00049
_set4mhz                 text10       00701
_temp_num                bssBANK0     0004B
_uart_1numb              text3        006EC
_uart_3numb              text2        001B4
_uart_char               text4        006D7
_uart_init               text8        006B5
_uart_init600            text7        006F2
_ulozData                text24       004CF
_valADc                  bssBANK0     0004D
_valADc16                bssBANK1     000CF
_vypisEEprom             text1        00045
beep2@co                 cstackBANK0  00038
beep2@p                  cstackBANK0  0003C
beep@co                  cstackBANK0  00038
beep@p                   cstackBANK0  0003C
btemp                    (abs)        0007E
buttonpressed@poz        cstackBANK0  00038
clear_ram0               clrtext      006E6
end_of_initialization    cinit        00042
i1___awdiv               text21       0043A
i1___awdiv@counter       cstackBANK0  00020
i1___awdiv@dividend      cstackCOMMON 00078
i1___awdiv@divisor       cstackCOMMON 00076
i1___awdiv@quotient      cstackBANK0  00022
i1___awdiv@sign          cstackBANK0  00021
i1___wmul                text20       00658
i1___wmul@multiplicand   cstackCOMMON 00072
i1___wmul@multiplier     cstackCOMMON 00070
i1___wmul@product        cstackCOMMON 00074
i1_beep                  text23       005C0
i1_uart_1numb            text18       006F8
i1_uart_3numb            text17       00301
i1_uart_char             text19       006DF
i1beep@co                cstackCOMMON 00070
i1beep@p                 cstackCOMMON 00074
i1uart_1numb@num         cstackCOMMON 00071
i1uart_3numb@i1          cstackBANK0  0002A
i1uart_3numb@i10         cstackBANK0  0002C
i1uart_3numb@i100        cstackBANK0  0002E
i1uart_3numb@num3        cstackBANK0  00024
i1uart_char@data         cstackCOMMON 00070
initAnalog@ch            cstackCOMMON 00070
intlevel0                functab      00000
intlevel1                functab      00000
intlevel2                functab      00000
intlevel3                functab      00000
intlevel4                functab      00000
intlevel5                functab      00000
isr@cnt_t0               bssBANK0     0004F
ltemp                    (abs)        0007E
ltemp0                   (abs)        0007E
ltemp1                   (abs)        00082
ltemp2                   (abs)        00086
ltemp3                   (abs)        00080
posliData@ch             cstackBANK0  00030
posliData@value          cstackBANK0  00032
reset_vec                reset_vec    00000
stackhi                  (abs)        020EF
stacklo                  (abs)        02081
start                    init         00021
start_initialization     cinit        00023
ttemp                    (abs)        0007E
ttemp0                   (abs)        0007E
ttemp1                   (abs)        00081
ttemp2                   (abs)        00084
ttemp3                   (abs)        00087
ttemp4                   (abs)        0007F
uart_1numb@num           cstackBANK0  00039
uart_3numb@i1            cstackBANK1  000AE
uart_3numb@i10           cstackBANK1  000B0
uart_3numb@i100          cstackBANK1  000B2
uart_3numb@num3          cstackBANK1  000A8
uart_char@data           cstackBANK0  00038
uart_dump@i              bssBANK0     00051
ulozData@value           cstackCOMMON 00070
vypisEEprom@i            cstackBANK1  000B8
wtemp                    (abs)        0007E
wtemp0                   (abs)        0007E
wtemp1                   (abs)        00080
wtemp2                   (abs)        00082
wtemp3                   (abs)        00084
wtemp4                   (abs)        00086
wtemp5                   (abs)        00088
wtemp6                   (abs)        0007F


FUNCTION INFORMATION:

 *************** function _main *****************
 Defined at:
		line 101 in file "1840-c-tmr0.c"
 Parameters:    Size  Location     Type
		None
 Auto vars:     Size  Location     Type
		None
 Return value:  Size  Location     Type
		None               void
 Registers used:
		wreg, status,2, status,0, btemp+1, pclath, cstack
 Tracked objects:
		On entry : 
		On exit  : 
		Unchanged: 
 Data sizes:     COMMON   BANK0   BANK1   BANK2
      Params:         0       0       0       0
      Locals:         0       0       0       0
      Temps:          0       0       0       0
      Totals:         0       0       0       0
Total ram usage:        0 bytes
 Hardware stack levels required when called:   10
 This function calls:
		_beep2
		_buttonpressed
		_init
		_uart_init600
		_vypisEEprom
 This function is called by:
		Startup code after reset
 This function uses a non-reentrant model


 *************** function _vypisEEprom *****************
 Defined at:
		line 203 in file "1840-c-tmr0.c"
 Parameters:    Size  Location     Type
		None
 Auto vars:     Size  Location     Type
  i               2   24[BANK1 ] int 
 Return value:  Size  Location     Type
		None               void
 Registers used:
		wreg, status,2, status,0, btemp+1, pclath, cstack
 Tracked objects:
		On entry : 
		On exit  : 
		Unchanged: 
 Data sizes:     COMMON   BANK0   BANK1   BANK2
      Params:         0       0       0       0
      Locals:         0       0       2       0
      Temps:          0       0       4       0
      Totals:         0       0       6       0
Total ram usage:        6 bytes
 Hardware stack levels used:    1
 Hardware stack levels required when called:    9
 This function calls:
		_uart_3numb
		_uart_char
 This function is called by:
		_main
 This function uses a non-reentrant model


 *************** function _uart_3numb *****************
 Defined at:
		line 323 in file "mojeFce1840-01.h"
 Parameters:    Size  Location     Type
  num3            2    8[BANK1 ] int 
 Auto vars:     Size  Location     Type
  i100            2   18[BANK1 ] int 
  i10             2   16[BANK1 ] int 
  i1              2   14[BANK1 ] int 
 Return value:  Size  Location     Type
		None               void
 Registers used:
		wreg, status,2, status,0, pclath, cstack
 Tracked objects:
		On entry : 
		On exit  : 
		Unchanged: 
 Data sizes:     COMMON   BANK0   BANK1   BANK2
      Params:         0       0       2       0
      Locals:         0       0       6       0
      Temps:          0       0       4       0
      Totals:         0       0      12       0
Total ram usage:       12 bytes
 Hardware stack levels used:    1
 Hardware stack levels required when called:    8
 This function calls:
		___awdiv
		___wmul
		_uart_1numb
 This function is called by:
		_vypisEEprom
 This function uses a non-reentrant model


 *************** function _uart_1numb *****************
 Defined at:
		line 318 in file "mojeFce1840-01.h"
 Parameters:    Size  Location     Type
  num             2   25[BANK0 ] int 
 Auto vars:     Size  Location     Type
		None
 Return value:  Size  Location     Type
		None               void
 Registers used:
		wreg, status,2, status,0, pclath, cstack
 Tracked objects:
		On entry : 
		On exit  : 
		Unchanged: 
 Data sizes:     COMMON   BANK0   BANK1   BANK2
      Params:         0       2       0       0
      Locals:         0       0       0       0
      Temps:          0       0       0       0
      Totals:         0       2       0       0
Total ram usage:        2 bytes
 Hardware stack levels used:    1
 Hardware stack levels required when called:    7
 This function calls:
		_uart_char
 This function is called by:
		_uart_3numb
		_uart_numb
 This function uses a non-reentrant model


 *************** function _uart_char *****************
 Defined at:
		line 290 in file "mojeFce1840-01.h"
 Parameters:    Size  Location     Type
  data            1    wreg     unsigned char 
 Auto vars:     Size  Location     Type
  data            1   24[BANK0 ] unsigned char 
 Return value:  Size  Location     Type
		None               void
 Registers used:
		wreg
 Tracked objects:
		On entry : 
		On exit  : 
		Unchanged: 
 Data sizes:     COMMON   BANK0   BANK1   BANK2
      Params:         0       0       0       0
      Locals:         0       1       0       0
      Temps:          0       0       0       0
      Totals:         0       1       0       0
Total ram usage:        1 bytes
 Hardware stack levels used:    1
 Hardware stack levels required when called:    6
 This function calls:
		Nothing
 This function is called by:
		_uart_1numb
		_vypisEEprom
		_uart_4numb
		_uart_numb
		_uart_newline
		_uart_string
		_uart_dump
		_uart_stringln
 This function uses a non-reentrant model


 *************** function ___wmul *****************
 Defined at:
		line 4 in file "C:\Program Files\Microchip\xc8\v1.30\sources\common\wmul.c"
 Parameters:    Size  Location     Type
  multiplier      2   24[BANK0 ] unsigned int 
  multiplicand    2   26[BANK0 ] unsigned int 
 Auto vars:     Size  Location     Type
  product         2   28[BANK0 ] unsigned int 
 Return value:  Size  Location     Type
                  2   24[BANK0 ] unsigned int 
 Registers used:
		wreg, status,2, status,0
 Tracked objects:
		On entry : 
		On exit  : 
		Unchanged: 
 Data sizes:     COMMON   BANK0   BANK1   BANK2
      Params:         0       4       0       0
      Locals:         0       2       0       0
      Temps:          0       0       0       0
      Totals:         0       6       0       0
Total ram usage:        6 bytes
 Hardware stack levels used:    1
 Hardware stack levels required when called:    6
 This function calls:
		Nothing
 This function is called by:
		_uart_3numb
 This function uses a non-reentrant model


 *************** function ___awdiv *****************
 Defined at:
		line 6 in file "C:\Program Files\Microchip\xc8\v1.30\sources\common\awdiv.c"
 Parameters:    Size  Location     Type
  divisor         2    0[BANK1 ] int 
  dividend        2    2[BANK1 ] int 
 Auto vars:     Size  Location     Type
  quotient        2    6[BANK1 ] int 
  sign            1    5[BANK1 ] unsigned char 
  counter         1    4[BANK1 ] unsigned char 
 Return value:  Size  Location     Type
                  2    0[BANK1 ] int 
 Registers used:
		wreg, status,2, status,0
 Tracked objects:
		On entry : 
		On exit  : 
		Unchanged: 
 Data sizes:     COMMON   BANK0   BANK1   BANK2
      Params:         0       0       4       0
      Locals:         0       0       4       0
      Temps:          0       1       0       0
      Totals:         0       1       8       0
Total ram usage:        9 bytes
 Hardware stack levels used:    1
 Hardware stack levels required when called:    6
 This function calls:
		Nothing
 This function is called by:
		_uart_3numb
		_uart_4numb
 This function uses a non-reentrant model


 *************** function _uart_init600 *****************
 Defined at:
		line 235 in file "mojeFce1840-01.h"
 Parameters:    Size  Location     Type
		None
 Auto vars:     Size  Location     Type
		None
 Return value:  Size  Location     Type
		None               void
 Registers used:
		wreg, status,2, status,0, pclath, cstack
 Tracked objects:
		On entry : 
		On exit  : 
		Unchanged: 
 Data sizes:     COMMON   BANK0   BANK1   BANK2
      Params:         0       0       0       0
      Locals:         0       0       0       0
      Temps:          0       0       0       0
      Totals:         0       0       0       0
Total ram usage:        0 bytes
 Hardware stack levels used:    1
 Hardware stack levels required when called:    7
 This function calls:
		_uart_init
 This function is called by:
		_main
 This function uses a non-reentrant model


 *************** function _uart_init *****************
 Defined at:
		line 164 in file "mojeFce1840-01.h"
 Parameters:    Size  Location     Type
		None
 Auto vars:     Size  Location     Type
		None
 Return value:  Size  Location     Type
		None               void
 Registers used:
		wreg, status,2
 Tracked objects:
		On entry : 
		On exit  : 
		Unchanged: 
 Data sizes:     COMMON   BANK0   BANK1   BANK2
      Params:         0       0       0       0
      Locals:         0       0       0       0
      Temps:          0       0       0       0
      Totals:         0       0       0       0
Total ram usage:        0 bytes
 Hardware stack levels used:    1
 Hardware stack levels required when called:    6
 This function calls:
		Nothing
 This function is called by:
		_uart_init600
		_uart_init2400
		_uart_init9600
		_uart_init19200
		_uart_init57600
		_uart_init300
 This function uses a non-reentrant model


 *************** function _init *****************
 Defined at:
		line 67 in file "1840-c-tmr0.c"
 Parameters:    Size  Location     Type
		None
 Auto vars:     Size  Location     Type
		None
 Return value:  Size  Location     Type
		None               void
 Registers used:
		wreg, status,2, status,0, btemp+1, pclath, cstack
 Tracked objects:
		On entry : 
		On exit  : 
		Unchanged: 
 Data sizes:     COMMON   BANK0   BANK1   BANK2
      Params:         0       0       0       0
      Locals:         0       0       0       0
      Temps:          0       0       3       0
      Totals:         0       0       3       0
Total ram usage:        3 bytes
 Hardware stack levels used:    1
 Hardware stack levels required when called:    7
 This function calls:
		_beep
		_beep2
		_set4mhz
 This function is called by:
		_main
 This function uses a non-reentrant model


 *************** function _set4mhz *****************
 Defined at:
		line 24 in file "mojeFce1840-01.h"
 Parameters:    Size  Location     Type
		None
 Auto vars:     Size  Location     Type
		None
 Return value:  Size  Location     Type
		None               void
 Registers used:
		wreg
 Tracked objects:
		On entry : 
		On exit  : 
		Unchanged: 
 Data sizes:     COMMON   BANK0   BANK1   BANK2
      Params:         0       0       0       0
      Locals:         0       0       0       0
      Temps:          0       0       0       0
      Totals:         0       0       0       0
Total ram usage:        0 bytes
 Hardware stack levels used:    1
 Hardware stack levels required when called:    6
 This function calls:
		Nothing
 This function is called by:
		_init
 This function uses a non-reentrant model


 *************** function _beep2 *****************
 Defined at:
		line 108 in file "mojeFce1840-01.h"
 Parameters:    Size  Location     Type
  co              2   24[BANK0 ] int 
 Auto vars:     Size  Location     Type
  p               2   28[BANK0 ] int 
 Return value:  Size  Location     Type
		None               void
 Registers used:
		wreg, status,2, status,0, btemp+1
 Tracked objects:
		On entry : 
		On exit  : 
		Unchanged: 
 Data sizes:     COMMON   BANK0   BANK1   BANK2
      Params:         0       2       0       0
      Locals:         0       2       0       0
      Temps:          0       2       0       0
      Totals:         0       6       0       0
Total ram usage:        6 bytes
 Hardware stack levels used:    1
 Hardware stack levels required when called:    6
 This function calls:
		Nothing
 This function is called by:
		_init
		_main
 This function uses a non-reentrant model


 *************** function _beep *****************
 Defined at:
		line 92 in file "mojeFce1840-01.h"
 Parameters:    Size  Location     Type
  co              2   24[BANK0 ] int 
 Auto vars:     Size  Location     Type
  p               2   28[BANK0 ] int 
 Return value:  Size  Location     Type
		None               void
 Registers used:
		wreg, status,2, status,0, btemp+1
 Tracked objects:
		On entry : 
		On exit  : 
		Unchanged: 
 Data sizes:     COMMON   BANK0   BANK1   BANK2
      Params:         0       2       0       0
      Locals:         0       2       0       0
      Temps:          0       2       0       0
      Totals:         0       6       0       0
Total ram usage:        6 bytes
 Hardware stack levels used:    1
 Hardware stack levels required when called:    6
 This function calls:
		Nothing
 This function is called by:
		_init
		_initTest
 This function uses a non-reentrant model


 *************** function _buttonpressed *****************
 Defined at:
		line 189 in file "1840-c-tmr0.c"
 Parameters:    Size  Location     Type
  poz             2   24[BANK0 ] int 
 Auto vars:     Size  Location     Type
		None
 Return value:  Size  Location     Type
                  2   24[BANK0 ] int 
 Registers used:
		wreg, status,2, status,0
 Tracked objects:
		On entry : 
		On exit  : 
		Unchanged: 
 Data sizes:     COMMON   BANK0   BANK1   BANK2
      Params:         0       2       0       0
      Locals:         0       0       0       0
      Temps:          0       2       0       0
      Totals:         0       4       0       0
Total ram usage:        4 bytes
 Hardware stack levels used:    1
 Hardware stack levels required when called:    6
 This function calls:
		Nothing
 This function is called by:
		_main
 This function uses a non-reentrant model


 *************** function _isr *****************
 Defined at:
		line 122 in file "1840-c-tmr0.c"
 Parameters:    Size  Location     Type
		None
 Auto vars:     Size  Location     Type
		None
 Return value:  Size  Location     Type
		None               void
 Registers used:
		wreg, fsr0l, fsr0h, status,2, status,0, btemp+1, pclath, cstack
 Tracked objects:
		On entry : 
		On exit  : 
		Unchanged: 
 Data sizes:     COMMON   BANK0   BANK1   BANK2
      Params:         0       0       0       0
      Locals:         0       0       0       0
      Temps:          0       2       0       0
      Totals:         0       2       0       0
Total ram usage:        2 bytes
 Hardware stack levels used:    1
 Hardware stack levels required when called:    5
 This function calls:
		_kazdouVterinu
 This function is called by:
		Interrupt level 1
 This function uses a non-reentrant model


 *************** function _kazdouVterinu *****************
 Defined at:
		line 141 in file "1840-c-tmr0.c"
 Parameters:    Size  Location     Type
		None
 Auto vars:     Size  Location     Type
		None
 Return value:  Size  Location     Type
		None               void
 Registers used:
		wreg, fsr0l, fsr0h, status,2, status,0, btemp+1, pclath, cstack
 Tracked objects:
		On entry : 
		On exit  : 
		Unchanged: 
 Data sizes:     COMMON   BANK0   BANK1   BANK2
      Params:         0       0       0       0
      Locals:         0       0       0       0
      Temps:          0       2       0       0
      Totals:         0       2       0       0
Total ram usage:        2 bytes
 Hardware stack levels used:    1
 Hardware stack levels required when called:    4
 This function calls:
		_adcSample
		_initAnalog
		_kazdouMinutu
		_posliData
 This function is called by:
		_isr
 This function uses a non-reentrant model


 *************** function _posliData *****************
 Defined at:
		line 285 in file "1840-c-tmr0.c"
 Parameters:    Size  Location     Type
  ch              2   16[BANK0 ] int 
  value           2   18[BANK0 ] int 
 Auto vars:     Size  Location     Type
		None
 Return value:  Size  Location     Type
		None               void
 Registers used:
		wreg, status,2, status,0, pclath, cstack
 Tracked objects:
		On entry : 
		On exit  : 
		Unchanged: 
 Data sizes:     COMMON   BANK0   BANK1   BANK2
      Params:         0       4       0       0
      Locals:         0       0       0       0
      Temps:          2       0       0       0
      Totals:         2       4       0       0
Total ram usage:        6 bytes
 Hardware stack levels used:    1
 Hardware stack levels required when called:    3
 This function calls:
		i1_uart_3numb
		i1_uart_char
 This function is called by:
		_kazdouVterinu
 This function uses a non-reentrant model


 *************** function i1_uart_3numb *****************
 Defined at:
		line 323 in file "mojeFce1840-01.h"
 Parameters:    Size  Location     Type
  num3            2    4[BANK0 ] int 
 Auto vars:     Size  Location     Type
  uart_3numb      2   14[BANK0 ] int 
  uart_3numb      2   12[BANK0 ] int 
  uart_3numb      2   10[BANK0 ] int 
 Return value:  Size  Location     Type
		None               void
 Registers used:
		wreg, status,2, status,0, pclath, cstack
 Tracked objects:
		On entry : 
		On exit  : 
		Unchanged: 
 Data sizes:     COMMON   BANK0   BANK1   BANK2
      Params:         0       2       0       0
      Locals:         0       6       0       0
      Temps:          0       4       0       0
      Totals:         0      12       0       0
Total ram usage:       12 bytes
 Hardware stack levels used:    1
 Hardware stack levels required when called:    2
 This function calls:
		i1___awdiv
		i1___wmul
		i1_uart_1numb
 This function is called by:
		_posliData
 This function uses a non-reentrant model


 *************** function i1_uart_1numb *****************
 Defined at:
		line 318 in file "mojeFce1840-01.h"
 Parameters:    Size  Location     Type
  num             2    1[COMMON] int 
 Auto vars:     Size  Location     Type
		None
 Return value:  Size  Location     Type
		None               void
 Registers used:
		wreg, status,2, status,0, pclath, cstack
 Tracked objects:
		On entry : 
		On exit  : 
		Unchanged: 
 Data sizes:     COMMON   BANK0   BANK1   BANK2
      Params:         2       0       0       0
      Locals:         0       0       0       0
      Temps:          0       0       0       0
      Totals:         2       0       0       0
Total ram usage:        2 bytes
 Hardware stack levels used:    1
 Hardware stack levels required when called:    1
 This function calls:
		i1_uart_char
 This function is called by:
		i1_uart_3numb
 This function uses a non-reentrant model


 *************** function i1_uart_char *****************
 Defined at:
		line 290 in file "mojeFce1840-01.h"
 Parameters:    Size  Location     Type
  data            1    wreg     unsigned char 
 Auto vars:     Size  Location     Type
  data            1    0[COMMON] unsigned char 
 Return value:  Size  Location     Type
		None               void
 Registers used:
		wreg
 Tracked objects:
		On entry : 
		On exit  : 
		Unchanged: 
 Data sizes:     COMMON   BANK0   BANK1   BANK2
      Params:         0       0       0       0
      Locals:         1       0       0       0
      Temps:          0       0       0       0
      Totals:         1       0       0       0
Total ram usage:        1 bytes
 Hardware stack levels used:    1
 This function calls:
		Nothing
 This function is called by:
		_posliData
		i1_uart_1numb
 This function uses a non-reentrant model


 *************** function i1___wmul *****************
 Defined at:
		line 4 in file "C:\Program Files\Microchip\xc8\v1.30\sources\common\wmul.c"
 Parameters:    Size  Location     Type
  multiplier      2    0[COMMON] unsigned int 
  multiplicand    2    2[COMMON] unsigned int 
 Auto vars:     Size  Location     Type
  __wmul          2    4[COMMON] unsigned int 
 Return value:  Size  Location     Type
                  2    0[COMMON] unsigned int 
 Registers used:
		wreg, status,2, status,0
 Tracked objects:
		On entry : 
		On exit  : 
		Unchanged: 
 Data sizes:     COMMON   BANK0   BANK1   BANK2
      Params:         4       0       0       0
      Locals:         2       0       0       0
      Temps:          0       0       0       0
      Totals:         6       0       0       0
Total ram usage:        6 bytes
 Hardware stack levels used:    1
 This function calls:
		Nothing
 This function is called by:
		i1_uart_3numb
 This function uses a non-reentrant model


 *************** function i1___awdiv *****************
 Defined at:
		line 6 in file "C:\Program Files\Microchip\xc8\v1.30\sources\common\awdiv.c"
 Parameters:    Size  Location     Type
  divisor         2    6[COMMON] int 
  dividend        2    8[COMMON] int 
 Auto vars:     Size  Location     Type
  __awdiv         2    2[BANK0 ] int 
  __awdiv         1    1[BANK0 ] unsigned char 
  __awdiv         1    0[BANK0 ] unsigned char 
 Return value:  Size  Location     Type
                  2    6[COMMON] int 
 Registers used:
		wreg, status,2, status,0
 Tracked objects:
		On entry : 
		On exit  : 
		Unchanged: 
 Data sizes:     COMMON   BANK0   BANK1   BANK2
      Params:         4       0       0       0
      Locals:         0       4       0       0
      Temps:          1       0       0       0
      Totals:         5       4       0       0
Total ram usage:        9 bytes
 Hardware stack levels used:    1
 This function calls:
		Nothing
 This function is called by:
		i1_uart_3numb
 This function uses a non-reentrant model


 *************** function _kazdouMinutu *****************
 Defined at:
		line 174 in file "1840-c-tmr0.c"
 Parameters:    Size  Location     Type
		None
 Auto vars:     Size  Location     Type
		None
 Return value:  Size  Location     Type
		None               void
 Registers used:
		wreg, status,2, status,0, btemp+1, pclath, cstack
 Tracked objects:
		On entry : 
		On exit  : 
		Unchanged: 
 Data sizes:     COMMON   BANK0   BANK1   BANK2
      Params:         0       0       0       0
      Locals:         0       0       0       0
      Temps:          0       0       0       0
      Totals:         0       0       0       0
Total ram usage:        0 bytes
 Hardware stack levels used:    1
 Hardware stack levels required when called:    1
 This function calls:
		_ulozData
		i1_beep
 This function is called by:
		_kazdouVterinu
 This function uses a non-reentrant model


 *************** function i1_beep *****************
 Defined at:
		line 92 in file "mojeFce1840-01.h"
 Parameters:    Size  Location     Type
  co              2    0[COMMON] int 
 Auto vars:     Size  Location     Type
  beep            2    4[COMMON] int 
 Return value:  Size  Location     Type
		None               void
 Registers used:
		wreg, status,2, status,0, btemp+1
 Tracked objects:
		On entry : 
		On exit  : 
		Unchanged: 
 Data sizes:     COMMON   BANK0   BANK1   BANK2
      Params:         2       0       0       0
      Locals:         2       0       0       0
      Temps:          2       0       0       0
      Totals:         6       0       0       0
Total ram usage:        6 bytes
 Hardware stack levels used:    1
 This function calls:
		Nothing
 This function is called by:
		_kazdouMinutu
 This function uses a non-reentrant model


 *************** function _ulozData *****************
 Defined at:
		line 275 in file "1840-c-tmr0.c"
 Parameters:    Size  Location     Type
  value           2    0[COMMON] int 
 Auto vars:     Size  Location     Type
		None
 Return value:  Size  Location     Type
		None               void
 Registers used:
		wreg, status,2, status,0, btemp+1
 Tracked objects:
		On entry : 
		On exit  : 
		Unchanged: 
 Data sizes:     COMMON   BANK0   BANK1   BANK2
      Params:         2       0       0       0
      Locals:         0       0       0       0
      Temps:          2       0       0       0
      Totals:         4       0       0       0
Total ram usage:        4 bytes
 Hardware stack levels used:    1
 This function calls:
		Nothing
 This function is called by:
		_kazdouMinutu
 This function uses a non-reentrant model


 *************** function _initAnalog *****************
 Defined at:
		line 455 in file "mojeFce1840-01.h"
 Parameters:    Size  Location     Type
  ch              2    0[COMMON] int 
 Auto vars:     Size  Location     Type
		None
 Return value:  Size  Location     Type
		None               void
 Registers used:
		wreg, fsr0l, fsr0h, status,2, status,0
 Tracked objects:
		On entry : 
		On exit  : 
		Unchanged: 
 Data sizes:     COMMON   BANK0   BANK1   BANK2
      Params:         2       0       0       0
      Locals:         0       0       0       0
      Temps:          2       0       0       0
      Totals:         4       0       0       0
Total ram usage:        4 bytes
 Hardware stack levels used:    1
 This function calls:
		Nothing
 This function is called by:
		_kazdouVterinu
 This function uses a non-reentrant model


 *************** function _adcSample *****************
 Defined at:
		line 329 in file "1840-c-tmr0.c"
 Parameters:    Size  Location     Type
		None
 Auto vars:     Size  Location     Type
		None
 Return value:  Size  Location     Type
                  2   62[COMMON] int 
 Registers used:
		wreg, status,2
 Tracked objects:
		On entry : 
		On exit  : 
		Unchanged: 
 Data sizes:     COMMON   BANK0   BANK1   BANK2
      Params:         0       0       0       0
      Locals:         0       0       0       0
      Temps:          2       0       0       0
      Totals:         2       0       0       0
Total ram usage:        2 bytes
 Hardware stack levels used:    1
 This function calls:
		Nothing
 This function is called by:
		_kazdouVterinu
 This function uses a non-reentrant model



MODULE INFORMATION

Module		Function		Class		Link	Load	Size
1840-c-tmr0.c
		_init          		CODE           	048F	0000	64
		_posliData     		CODE           	03E5	0000	85
		_main          		CODE           	0678	0000	31
		_kazdouMinutu  		CODE           	050F	0000	60
		_isr           		CODE           	0004	0000	29
		_buttonpressed 		CODE           	0630	0000	40
		_ulozData      		CODE           	04CF	0000	64
		_kazdouVterinu 		CODE           	025B	0000	166
		_vypisEEprom   		CODE           	0045	0000	367
		_adcSample     		CODE           	06C6	0000	17

1840-c-tmr0.c estimated size: 923

C:\Program Files\Microchip\xc8\v1.30\sources\common\wmul.c
		___wmul        		CODE           	0697	0000	30

C:\Program Files\Microchip\xc8\v1.30\sources\common\wmul.c estimated size: 30

shared
		i1___awdiv     		CODE           	043A	0000	85
		i1___wmul      		CODE           	0658	0000	32
		i1_beep        		CODE           	05C0	0000	57
		__initializatio		CODE           	0023	0000	31
		i1_uart_char   		CODE           	06DF	0000	7
		i1_uart_1numb  		CODE           	06F8	0000	5
		i1_uart_3numb  		CODE           	0301	0000	140

shared estimated size: 357

mojeFce1840-01.h
		_uart_1numb    		CODE           	06EC	0000	6
		_uart_char     		CODE           	06D7	0000	8
		_beep          		CODE           	054B	0000	59
		_set4mhz       		CODE           	0701	0000	4
		_uart_init     		CODE           	06B5	0000	17
		_uart_init600  		CODE           	06F2	0000	6
		_initAnalog    		CODE           	0586	0000	58
		_uart_3numb    		CODE           	01B4	0000	167
		_beep2         		CODE           	05F9	0000	55

mojeFce1840-01.h estimated size: 380

C:\Program Files\Microchip\xc8\v1.30\sources\common\awdiv.c
		___awdiv       		CODE           	038D	0000	88

C:\Program Files\Microchip\xc8\v1.30\sources\common\awdiv.c estimated size: 88

